Archive member included to satisfy reference by file (symbol)

c:/st/stm32cubeide_1.12.0/stm32cubeide/plugins/com.st.stm32cube.ide.mcu.externaltools.gnu-tools-for-stm32.10.3-2021.10.win32_1.0.200.202301161003/tools/bin/../lib/gcc/arm-none-eabi/10.3.1/../../../../arm-none-eabi/lib/thumb/v7e-m+fp/hard\libc_nano.a(lib_a-atoi.o)
                              ./Core/Src/internal_rtc.o (atoi)
c:/st/stm32cubeide_1.12.0/stm32cubeide/plugins/com.st.stm32cube.ide.mcu.externaltools.gnu-tools-for-stm32.10.3-2021.10.win32_1.0.200.202301161003/tools/bin/../lib/gcc/arm-none-eabi/10.3.1/../../../../arm-none-eabi/lib/thumb/v7e-m+fp/hard\libc_nano.a(lib_a-errno.o)
                              ./Core/Src/syscalls.o (__errno)
c:/st/stm32cubeide_1.12.0/stm32cubeide/plugins/com.st.stm32cube.ide.mcu.externaltools.gnu-tools-for-stm32.10.3-2021.10.win32_1.0.200.202301161003/tools/bin/../lib/gcc/arm-none-eabi/10.3.1/../../../../arm-none-eabi/lib/thumb/v7e-m+fp/hard\libc_nano.a(lib_a-exit.o)
                              c:/st/stm32cubeide_1.12.0/stm32cubeide/plugins/com.st.stm32cube.ide.mcu.externaltools.gnu-tools-for-stm32.10.3-2021.10.win32_1.0.200.202301161003/tools/bin/../lib/gcc/arm-none-eabi/10.3.1/../../../../arm-none-eabi/lib/thumb/v7e-m+fp/hard/crt0.o (exit)
c:/st/stm32cubeide_1.12.0/stm32cubeide/plugins/com.st.stm32cube.ide.mcu.externaltools.gnu-tools-for-stm32.10.3-2021.10.win32_1.0.200.202301161003/tools/bin/../lib/gcc/arm-none-eabi/10.3.1/../../../../arm-none-eabi/lib/thumb/v7e-m+fp/hard\libc_nano.a(lib_a-impure.o)
                              c:/st/stm32cubeide_1.12.0/stm32cubeide/plugins/com.st.stm32cube.ide.mcu.externaltools.gnu-tools-for-stm32.10.3-2021.10.win32_1.0.200.202301161003/tools/bin/../lib/gcc/arm-none-eabi/10.3.1/../../../../arm-none-eabi/lib/thumb/v7e-m+fp/hard\libc_nano.a(lib_a-exit.o) (_global_impure_ptr)
c:/st/stm32cubeide_1.12.0/stm32cubeide/plugins/com.st.stm32cube.ide.mcu.externaltools.gnu-tools-for-stm32.10.3-2021.10.win32_1.0.200.202301161003/tools/bin/../lib/gcc/arm-none-eabi/10.3.1/../../../../arm-none-eabi/lib/thumb/v7e-m+fp/hard\libc_nano.a(lib_a-init.o)
                              c:/st/stm32cubeide_1.12.0/stm32cubeide/plugins/com.st.stm32cube.ide.mcu.externaltools.gnu-tools-for-stm32.10.3-2021.10.win32_1.0.200.202301161003/tools/bin/../lib/gcc/arm-none-eabi/10.3.1/../../../../arm-none-eabi/lib/thumb/v7e-m+fp/hard/crt0.o (__libc_init_array)
c:/st/stm32cubeide_1.12.0/stm32cubeide/plugins/com.st.stm32cube.ide.mcu.externaltools.gnu-tools-for-stm32.10.3-2021.10.win32_1.0.200.202301161003/tools/bin/../lib/gcc/arm-none-eabi/10.3.1/../../../../arm-none-eabi/lib/thumb/v7e-m+fp/hard\libc_nano.a(lib_a-memset.o)
                              c:/st/stm32cubeide_1.12.0/stm32cubeide/plugins/com.st.stm32cube.ide.mcu.externaltools.gnu-tools-for-stm32.10.3-2021.10.win32_1.0.200.202301161003/tools/bin/../lib/gcc/arm-none-eabi/10.3.1/../../../../arm-none-eabi/lib/thumb/v7e-m+fp/hard/crt0.o (memset)
c:/st/stm32cubeide_1.12.0/stm32cubeide/plugins/com.st.stm32cube.ide.mcu.externaltools.gnu-tools-for-stm32.10.3-2021.10.win32_1.0.200.202301161003/tools/bin/../lib/gcc/arm-none-eabi/10.3.1/../../../../arm-none-eabi/lib/thumb/v7e-m+fp/hard\libc_nano.a(lib_a-printf.o)
                              ./Core/Src/DHT11.o (printf)
c:/st/stm32cubeide_1.12.0/stm32cubeide/plugins/com.st.stm32cube.ide.mcu.externaltools.gnu-tools-for-stm32.10.3-2021.10.win32_1.0.200.202301161003/tools/bin/../lib/gcc/arm-none-eabi/10.3.1/../../../../arm-none-eabi/lib/thumb/v7e-m+fp/hard\libc_nano.a(lib_a-puts.o)
                              ./Core/Src/main.o (puts)
c:/st/stm32cubeide_1.12.0/stm32cubeide/plugins/com.st.stm32cube.ide.mcu.externaltools.gnu-tools-for-stm32.10.3-2021.10.win32_1.0.200.202301161003/tools/bin/../lib/gcc/arm-none-eabi/10.3.1/../../../../arm-none-eabi/lib/thumb/v7e-m+fp/hard\libc_nano.a(lib_a-sprintf.o)
                              ./Core/Src/DHT11.o (sprintf)
c:/st/stm32cubeide_1.12.0/stm32cubeide/plugins/com.st.stm32cube.ide.mcu.externaltools.gnu-tools-for-stm32.10.3-2021.10.win32_1.0.200.202301161003/tools/bin/../lib/gcc/arm-none-eabi/10.3.1/../../../../arm-none-eabi/lib/thumb/v7e-m+fp/hard\libc_nano.a(lib_a-strncmp.o)
                              ./Core/Src/uart_management.o (strncmp)
c:/st/stm32cubeide_1.12.0/stm32cubeide/plugins/com.st.stm32cube.ide.mcu.externaltools.gnu-tools-for-stm32.10.3-2021.10.win32_1.0.200.202301161003/tools/bin/../lib/gcc/arm-none-eabi/10.3.1/../../../../arm-none-eabi/lib/thumb/v7e-m+fp/hard\libc_nano.a(lib_a-strncpy.o)
                              ./Core/Src/internal_rtc.o (strncpy)
c:/st/stm32cubeide_1.12.0/stm32cubeide/plugins/com.st.stm32cube.ide.mcu.externaltools.gnu-tools-for-stm32.10.3-2021.10.win32_1.0.200.202301161003/tools/bin/../lib/gcc/arm-none-eabi/10.3.1/../../../../arm-none-eabi/lib/thumb/v7e-m+fp/hard\libc_nano.a(lib_a-strtol.o)
[...]
Memory Configuration

Name             Origin             Length             Attributes
CCMRAM           0x0000000010000000 0x0000000000010000 xrw
RAM              0x0000000020000000 0x0000000000030000 xrw
FLASH            0x0000000008000000 0x0000000000200000 xr
*default*        0x0000000000000000 0xffffffffffffffff

Linker script and memory map

LOAD c:/st/stm32cubeide_1.12.0/stm32cubeide/plugins/com.st.stm32cube.ide.mcu.externaltools.gnu-tools-for-stm32.10.3-2021.10.win32_1.0.200.202301161003/tools/bin/../lib/gcc/arm-none-eabi/10.3.1/thumb/v7e-m+fp/hard/crti.o
LOAD c:/st/stm32cubeide_1.12.0/stm32cubeide/plugins/com.st.stm32cube.ide.mcu.externaltools.gnu-tools-for-stm32.10.3-2021.10.win32_1.0.200.202301161003/tools/bin/../lib/gcc/arm-none-eabi/10.3.1/thumb/v7e-m+fp/hard/crtbegin.o
LOAD c:/st/stm32cubeide_1.12.0/stm32cubeide/plugins/com.st.stm32cube.ide.mcu.externaltools.gnu-tools-for-stm32.10.3-2021.10.win32_1.0.200.202301161003/tools/bin/../lib/gcc/arm-none-eabi/10.3.1/../../../../arm-none-eabi/lib/thumb/v7e-m+fp/hard/crt0.o
LOAD ./Core/Src/DHT11.o
LOAD ./Core/Src/I2C_lcd.o
LOAD ./Core/Src/button.o
LOAD ./Core/Src/buzzer.o
LOAD ./Core/Src/dcmotor.o
LOAD ./Core/Src/fan_machine.o
LOAD ./Core/Src/fnd4digit.o
LOAD ./Core/Src/internal_rtc.o
LOAD ./Core/Src/ledbar.o
LOAD ./Core/Src/main.o
LOAD ./Core/Src/servomotor.o
LOAD ./Core/Src/stm32f4xx_hal_msp.o
LOAD ./Core/Src/stm32f4xx_it.o
LOAD ./Core/Src/syscalls.o
LOAD ./Core/Src/sysmem.o
LOAD ./Core/Src/system_stm32f4xx.o
LOAD ./Core/Src/timer_management.o
LOAD ./Core/Src/uart_management.o
LOAD ./Core/Src/ultrasonic.o
LOAD ./Core/Src/washing_machine.o
LOAD ./Core/Src/washing_machine2_deprecated.o
LOAD ./Core/Startup/startup_stm32f429zitx.o
LOAD ./Drivers/STM32F4xx_HAL_Driver/Src/stm32f4xx_hal.o
LOAD ./Drivers/STM32F4xx_HAL_Driver/Src/stm32f4xx_hal_cortex.o
LOAD ./Drivers/STM32F4xx_HAL_Driver/Src/stm32f4xx_hal_dma.o
LOAD ./Drivers/STM32F4xx_HAL_Driver/Src/stm32f4xx_hal_dma_ex.o
LOAD ./Drivers/STM32F4xx_HAL_Driver/Src/stm32f4xx_hal_eth.o
LOAD ./Drivers/STM32F4xx_HAL_Driver/Src/stm32f4xx_hal_exti.o
LOAD ./Drivers/STM32F4xx_HAL_Driver/Src/stm32f4xx_hal_flash.o
LOAD ./Drivers/STM32F4xx_HAL_Driver/Src/stm32f4xx_hal_flash_ex.o
LOAD ./Drivers/STM32F4xx_HAL_Driver/Src/stm32f4xx_hal_flash_ramfunc.o
LOAD ./Drivers/STM32F4xx_HAL_Driver/Src/stm32f4xx_hal_gpio.o
LOAD ./Drivers/STM32F4xx_HAL_Driver/Src/stm32f4xx_hal_i2c.o
LOAD ./Drivers/STM32F4xx_HAL_Driver/Src/stm32f4xx_hal_i2c_ex.o
LOAD ./Drivers/STM32F4xx_HAL_Driver/Src/stm32f4xx_hal_pcd.o
LOAD ./Drivers/STM32F4xx_HAL_Driver/Src/stm32f4xx_hal_pcd_ex.o
LOAD ./Drivers/STM32F4xx_HAL_Driver/Src/stm32f4xx_hal_pwr.o
LOAD ./Drivers/STM32F4xx_HAL_Driver/Src/stm32f4xx_hal_pwr_ex.o
LOAD ./Drivers/STM32F4xx_HAL_Driver/Src/stm32f4xx_hal_rcc.o
LOAD ./Drivers/STM32F4xx_HAL_Driver/Src/stm32f4xx_hal_rcc_ex.o
LOAD ./Drivers/STM32F4xx_HAL_Driver/Src/stm32f4xx_hal_rtc.o
LOAD ./Drivers/STM32F4xx_HAL_Driver/Src/stm32f4xx_hal_rtc_ex.o
LOAD ./Drivers/STM32F4xx_HAL_Driver/Src/stm32f4xx_hal_tim.o
LOAD ./Drivers/STM32F4xx_HAL_Driver/Src/stm32f4xx_hal_tim_ex.o
LOAD ./Drivers/STM32F4xx_HAL_Driver/Src/stm32f4xx_hal_uart.o
LOAD ./Drivers/STM32F4xx_HAL_Driver/Src/stm32f4xx_ll_usb.o
START GROUP
LOAD c:/st/stm32cubeide_1.12.0/stm32cubeide/plugins/com.st.stm32cube.ide.mcu.externaltools.gnu-tools-for-stm32.10.3-2021.10.win32_1.0.200.202301161003/tools/bin/../lib/gcc/arm-none-eabi/10.3.1/../../../../arm-none-eabi/lib/thumb/v7e-m+fp/hard\libc_nano.a
LOAD c:/st/stm32cubeide_1.12.0/stm32cubeide/plugins/com.st.stm32cube.ide.mcu.externaltools.gnu-tools-for-stm32.10.3-2021.10.win32_1.0.200.202301161003/tools/bin/../lib/gcc/arm-none-eabi/10.3.1/../../../../arm-none-eabi/lib/thumb/v7e-m+fp/hard\libm.a
END GROUP
START GROUP
LOAD c:/st/stm32cubeide_1.12.0/stm32cubeide/plugins/com.st.stm32cube.ide.mcu.externaltools.gnu-tools-for-stm32.10.3-2021.10.win32_1.0.200.202301161003/tools/bin/../lib/gcc/arm-none-eabi/10.3.1/thumb/v7e-m+fp/hard\libgcc.a
LOAD c:/st/stm32cubeide_1.12.0/stm32cubeide/plugins/com.st.stm32cube.ide.mcu.externaltools.gnu-tools-for-stm32.10.3-2021.10.win32_1.0.200.202301161003/tools/bin/../lib/gcc/arm-none-eabi/10.3.1/../../../../arm-none-eabi/lib/thumb/v7e-m+fp/hard\libc_nano.a
END GROUP
START GROUP
LOAD c:/st/stm32cubeide_1.12.0/stm32cubeide/plugins/com.st.stm32cube.ide.mcu.externaltools.gnu-tools-for-stm32.10.3-2021.10.win32_1.0.200.202301161003/tools/bin/../lib/gcc/arm-none-eabi/10.3.1/thumb/v7e-m+fp/hard\libgcc.a
LOAD c:/st/stm32cubeide_1.12.0/stm32cubeide/plugins/com.st.stm32cube.ide.mcu.externaltools.gnu-tools-for-stm32.10.3-2021.10.win32_1.0.200.202301161003/tools/bin/../lib/gcc/arm-none-eabi/10.3.1/../../../../arm-none-eabi/lib/thumb/v7e-m+fp/hard\libc_nano.a
LOAD c:/st/stm32cubeide_1.12.0/stm32cubeide/plugins/com.st.stm32cube.ide.mcu.externaltools.gnu-tools-for-stm32.10.3-2021.10.win32_1.0.200.202301161003/tools/bin/../lib/gcc/arm-none-eabi/10.3.1/../../../../arm-none-eabi/lib/thumb/v7e-m+fp/hard\libnosys.a
END GROUP
START GROUP
LOAD c:/st/stm32cubeide_1.12.0/stm32cubeide/plugins/com.st.stm32cube.ide.mcu.externaltools.gnu-tools-for-stm32.10.3-2021.10.win32_1.0.200.202301161003/tools/bin/../lib/gcc/arm-none-eabi/10.3.1/thumb/v7e-m+fp/hard\libgcc.a
LOAD c:/st/stm32cubeide_1.12.0/stm32cubeide/plugins/com.st.stm32cube.ide.mcu.externaltools.gnu-tools-for-stm32.10.3-2021.10.win32_1.0.200.202301161003/tools/bin/../lib/gcc/arm-none-eabi/10.3.1/../../../../arm-none-eabi/lib/thumb/v7e-m+fp/hard\libc_nano.a
LOAD c:/st/stm32cubeide_1.12.0/stm32cubeide/plugins/com.st.stm32cube.ide.mcu.externaltools.gnu-tools-for-stm32.10.3-2021.10.win32_1.0.200.202301161003/tools/bin/../lib/gcc/arm-none-eabi/10.3.1/../../../../arm-none-eabi/lib/thumb/v7e-m+fp/hard\libnosys.a
END GROUP
LOAD c:/st/stm32cubeide_1.12.0/stm32cubeide/plugins/com.st.stm32cube.ide.mcu.externaltools.gnu-tools-for-stm32.10.3-2021.10.win32_1.0.200.202301161003/tools/bin/../lib/gcc/arm-none-eabi/10.3.1/thumb/v7e-m+fp/hard/crtend.o
LOAD c:/st/stm32cubeide_1.12.0/stm32cubeide/plugins/com.st.stm32cube.ide.mcu.externaltools.gnu-tools-for-stm32.10.3-2021.10.win32_1.0.200.202301161003/tools/bin/../lib/gcc/arm-none-eabi/10.3.1/thumb/v7e-m+fp/hard/crtn.o
                0x0000000020030000                _estack = (ORIGIN (RAM) + LENGTH (RAM))
                0x0000000000000200                _Min_Heap_Size = 0x200
                0x0000000000000400                _Min_Stack_Size = 0x400

.isr_vector     0x0000000008000000      0x1ac
                0x0000000008000000                . = ALIGN (0x4)
 *(.isr_vector)
 .isr_vector    0x0000000008000000      0x1ac ./Core/Startup/startup_stm32f429zitx.o
                0x0000000008000000                g_pfnVectors
                0x00000000080001ac                . = ALIGN (0x4)

.text           0x00000000080001b0     0x9cb8
                0x00000000080001b0                . = ALIGN (0x4)
 *(.text)
 .text          0x00000000080001b0       0x40 c:/st/stm32cubeide_1.12.0/stm32cubeide/plugins/com.st.stm32cube.ide.mcu.externaltools.gnu-tools-for-stm32.10.3-2021.10.win32_1.0.200.202301161003/tools/bin/../lib/gcc/arm-none-eabi/10.3.1/thumb/v7e-m+fp/hard/crtbegin.o
 .text          0x00000000080001f0       0xa0 c:/st/stm32cubeide_1.12.0/stm32cubeide/plugins/com.st.stm32cube.ide.mcu.externaltools.gnu-tools-for-stm32.10.3-2021.10.win32_1.0.200.202301161003/tools/bin/../lib/gcc/arm-none-eabi/10.3.1/../../../../arm-none-eabi/lib/thumb/v7e-m+fp/hard\libc_nano.a(lib_a-memchr.o)
                0x00000000080001f0                memchr
 .text          0x0000000008000290       0x30 c:/st/stm32cubeide_1.12.0/stm32cubeide/plugins/com.st.stm32cube.ide.mcu.externaltools.gnu-tools-for-stm32.10.3-2021.10.win32_1.0.200.202301161003/tools/bin/../lib/gcc/arm-none-eabi/10.3.1/thumb/v7e-m+fp/hard\libgcc.a(_aeabi_uldivmod.o)
                0x0000000008000290                __aeabi_uldivmod
 .text          0x00000000080002c0      0x2d0 c:/st/stm32cubeide_1.12.0/stm32cubeide/plugins/com.st.stm32cube.ide.mcu.externaltools.gnu-tools-for-stm32.10.3-2021.10.win32_1.0.200.202301161003/tools/bin/../lib/gcc/arm-none-eabi/10.3.1/thumb/v7e-m+fp/hard\libgcc.a(_udivmoddi4.o)
                0x00000000080002c0                __udivmoddi4
 .text          0x0000000008000590        0x4 c:/st/stm32cubeide_1.12.0/stm32cubeide/plugins/com.st.stm32cube.ide.mcu.externaltools.gnu-tools-for-stm32.10.3-2021.10.win32_1.0.200.202301161003/tools/bin/../lib/gcc/arm-none-eabi/10.3.1/thumb/v7e-m+fp/hard\libgcc.a(_dvmd_tls.o)
                0x0000000008000590                __aeabi_idiv0
                0x0000000008000590                __aeabi_ldiv0
 *(.text*)
 .text.DHT11_Init
                0x0000000008000594       0x20 ./Core/Src/DHT11.o
                0x0000000008000594                DHT11_Init
 .text.LCD_Command
                0x00000000080005b4       0x68 ./Core/Src/I2C_lcd.o
                0x00000000080005b4                LCD_Command
 .text.LCD_Data
                0x000000000800061c       0x68 ./Core/Src/I2C_lcd.o
                0x000000000800061c                LCD_Data
 .text.I2C_LCD_Init
                0x0000000008000684       0x32 ./Core/Src/I2C_lcd.o
                0x0000000008000684                I2C_LCD_Init
 .text.LCD_String
                0x00000000080006b6       0x2a ./Core/Src/I2C_lcd.o
                0x00000000080006b6                LCD_String
 .text.Move_Cursor
                0x00000000080006e0       0x30 ./Core/Src/I2C_lcd.o
                0x00000000080006e0                Move_Cursor
 .text.Get_Button
                0x0000000008000710       0x70 ./Core/Src/button.o
                0x0000000008000710                Get_Button
 .text.Mode_Complete_Alarm
                0x0000000008000780       0xa0 ./Core/Src/buzzer.o
                0x0000000008000780                Mode_Complete_Alarm
 .text.noTone   0x0000000008000820       0x1c ./Core/Src/buzzer.o
                0x0000000008000820                noTone
 .text.DCmotor_Forward_Rotate
                0x000000000800083c       0x24 ./Core/Src/dcmotor.o
                0x000000000800083c                DCmotor_Forward_Rotate
 .text.DCmotor_Backward_Rotate
                0x0000000008000860       0x24 ./Core/Src/dcmotor.o
                0x0000000008000860                DCmotor_Backward_Rotate
 .text.DCmotor_Break
                0x0000000008000884       0x24 ./Core/Src/dcmotor.o
                0x0000000008000884                DCmotor_Break
 .text.DCmotor_Set_DutyCycle
                0x00000000080008a8       0x24 ./Core/Src/dcmotor.o
                0x00000000080008a8                DCmotor_Set_DutyCycle
 .text.FND4digit_off
                0x00000000080008cc       0x3c ./Core/Src/fnd4digit.o
                0x00000000080008cc                FND4digit_off
 .text.FND4digit_time_update
                0x0000000008000908       0xec ./Core/Src/fnd4digit.o
 .text.FND4digit_time_display
                0x00000000080009f4       0xa8 ./Core/Src/fnd4digit.o
                0x00000000080009f4                FND4digit_time_display
 .text.bcd2dec  0x0000000008000a9c       0x36 ./Core/Src/internal_rtc.o
                0x0000000008000a9c                bcd2dec
 *fill*         0x0000000008000ad2        0x2 
 .text.dec2bcd  0x0000000008000ad4       0x48 ./Core/Src/internal_rtc.o
                0x0000000008000ad4                dec2bcd
 .text.LEDbar_All_Off
                0x0000000008000b1c       0x18 ./Core/Src/ledbar.o
                0x0000000008000b1c                LEDbar_All_Off
 .text.LEDbar_On_Up
                0x0000000008000b34       0x54 ./Core/Src/ledbar.o
                0x0000000008000b34                LEDbar_On_Up
 .text.LEDbar_Keepon_Up
                0x0000000008000b88       0x50 ./Core/Src/ledbar.o
                0x0000000008000b88                LEDbar_Keepon_Up
 .text.LEDbar_Flower_On
                0x0000000008000bd8       0x6c ./Core/Src/ledbar.o
                0x0000000008000bd8                LEDbar_Flower_On
 .text.HAL_STSTICK_Handler
                0x0000000008000c44       0x1c ./Core/Src/main.o
                0x0000000008000c44                HAL_STSTICK_Handler
 .text.__io_putchar
                0x0000000008000c60       0x24 ./Core/Src/main.o
                0x0000000008000c60                __io_putchar
 .text.main     0x0000000008000c84       0x54 ./Core/Src/main.o
                0x0000000008000c84                main
 .text.SystemClock_Config
                0x0000000008000cd8       0xd8 ./Core/Src/main.o
                0x0000000008000cd8                SystemClock_Config
 .text.MX_ETH_Init
                0x0000000008000db0       0x9c ./Core/Src/main.o
 .text.MX_I2C1_Init
                0x0000000008000e4c       0x80 ./Core/Src/main.o
 .text.MX_RTC_Init
                0x0000000008000ecc       0xb4 ./Core/Src/main.o
 .text.MX_TIM2_Init
                0x0000000008000f80       0xb4 ./Core/Src/main.o
 .text.MX_TIM3_Init
                0x0000000008001034       0xa8 ./Core/Src/main.o
 .text.MX_TIM4_Init
                0x00000000080010dc       0xec ./Core/Src/main.o
 .text.MX_TIM5_Init
                0x00000000080011c8       0xec ./Core/Src/main.o
 .text.MX_TIM10_Init
                0x00000000080012b4       0x48 ./Core/Src/main.o
 .text.MX_TIM11_Init
                0x00000000080012fc       0x48 ./Core/Src/main.o
 .text.MX_USART3_UART_Init
                0x0000000008001344       0x54 ./Core/Src/main.o
 .text.MX_USART6_UART_Init
                0x0000000008001398       0x54 ./Core/Src/main.o
 .text.MX_USB_OTG_FS_PCD_Init
                0x00000000080013ec       0x5c ./Core/Src/main.o
 .text.MX_GPIO_Init
                0x0000000008001448      0x2a0 ./Core/Src/main.o
 .text.Error_Handler
                0x00000000080016e8        0xa ./Core/Src/main.o
                0x00000000080016e8                Error_Handler
 *fill*         0x00000000080016f2        0x2 
 .text.open_WashingMachine_Lid
                0x00000000080016f4       0x1c ./Core/Src/servomotor.o
                0x00000000080016f4                open_WashingMachine_Lid
 .text.close_WashingMachine_Lid
                0x0000000008001710       0x1c ./Core/Src/servomotor.o
                0x0000000008001710                close_WashingMachine_Lid
 .text.HAL_MspInit
                0x000000000800172c       0x50 ./Core/Src/stm32f4xx_hal_msp.o
                0x000000000800172c                HAL_MspInit
 .text.HAL_ETH_MspInit
                0x000000000800177c      0x18c ./Core/Src/stm32f4xx_hal_msp.o
                0x000000000800177c                HAL_ETH_MspInit
 .text.HAL_I2C_MspInit
                0x0000000008001908       0x90 ./Core/Src/stm32f4xx_hal_msp.o
                0x0000000008001908                HAL_I2C_MspInit
 .text.HAL_RTC_MspInit
                0x0000000008001998       0x54 ./Core/Src/stm32f4xx_hal_msp.o
                0x0000000008001998                HAL_RTC_MspInit
 .text.HAL_TIM_PWM_MspInit
                0x00000000080019ec       0x4c ./Core/Src/stm32f4xx_hal_msp.o
                0x00000000080019ec                HAL_TIM_PWM_MspInit
 .text.HAL_TIM_IC_MspInit
                0x0000000008001a38       0xa0 ./Core/Src/stm32f4xx_hal_msp.o
                0x0000000008001a38                HAL_TIM_IC_MspInit
 .text.HAL_TIM_Base_MspInit
                0x0000000008001ad8       0xf4 ./Core/Src/stm32f4xx_hal_msp.o
                0x0000000008001ad8                HAL_TIM_Base_MspInit
 .text.HAL_TIM_MspPostInit
                0x0000000008001bcc      0x10c ./Core/Src/stm32f4xx_hal_msp.o
                0x0000000008001bcc                HAL_TIM_MspPostInit
 .text.HAL_UART_MspInit
                0x0000000008001cd8      0x11c ./Core/Src/stm32f4xx_hal_msp.o
                0x0000000008001cd8                HAL_UART_MspInit
 .text.HAL_PCD_MspInit
                0x0000000008001df4       0xb4 ./Core/Src/stm32f4xx_hal_msp.o
                0x0000000008001df4                HAL_PCD_MspInit
 .text.NMI_Handler
                0x0000000008001ea8        0x6 ./Core/Src/stm32f4xx_it.o
                0x0000000008001ea8                NMI_Handler
 .text.HardFault_Handler
                0x0000000008001eae        0x6 ./Core/Src/stm32f4xx_it.o
                0x0000000008001eae                HardFault_Handler
 .text.MemManage_Handler
                0x0000000008001eb4        0x6 ./Core/Src/stm32f4xx_it.o
                0x0000000008001eb4                MemManage_Handler
 .text.BusFault_Handler
                0x0000000008001eba        0x6 ./Core/Src/stm32f4xx_it.o
                0x0000000008001eba                BusFault_Handler
 .text.UsageFault_Handler
                0x0000000008001ec0        0x6 ./Core/Src/stm32f4xx_it.o
                0x0000000008001ec0                UsageFault_Handler
 .text.SVC_Handler
                0x0000000008001ec6        0xe ./Core/Src/stm32f4xx_it.o
                0x0000000008001ec6                SVC_Handler
 .text.DebugMon_Handler
                0x0000000008001ed4        0xe ./Core/Src/stm32f4xx_it.o
                0x0000000008001ed4                DebugMon_Handler
 .text.PendSV_Handler
                0x0000000008001ee2        0xe ./Core/Src/stm32f4xx_it.o
                0x0000000008001ee2                PendSV_Handler
 .text.SysTick_Handler
                0x0000000008001ef0       0x10 ./Core/Src/stm32f4xx_it.o
                0x0000000008001ef0                SysTick_Handler
 .text.TIM1_UP_TIM10_IRQHandler
                0x0000000008001f00       0x14 ./Core/Src/stm32f4xx_it.o
                0x0000000008001f00                TIM1_UP_TIM10_IRQHandler
 .text.TIM1_TRG_COM_TIM11_IRQHandler
                0x0000000008001f14       0x14 ./Core/Src/stm32f4xx_it.o
                0x0000000008001f14                TIM1_TRG_COM_TIM11_IRQHandler
 .text.TIM2_IRQHandler
                0x0000000008001f28       0x14 ./Core/Src/stm32f4xx_it.o
                0x0000000008001f28                TIM2_IRQHandler
 .text.TIM3_IRQHandler
                0x0000000008001f3c       0x14 ./Core/Src/stm32f4xx_it.o
                0x0000000008001f3c                TIM3_IRQHandler
 .text.USART3_IRQHandler
                0x0000000008001f50       0x14 ./Core/Src/stm32f4xx_it.o
                0x0000000008001f50                USART3_IRQHandler
 .text.TIM5_IRQHandler
                0x0000000008001f64       0x14 ./Core/Src/stm32f4xx_it.o
                0x0000000008001f64                TIM5_IRQHandler
 .text.USART6_IRQHandler
                0x0000000008001f78       0x14 ./Core/Src/stm32f4xx_it.o
                0x0000000008001f78                USART6_IRQHandler
 .text._read    0x0000000008001f8c       0x3a ./Core/Src/syscalls.o
                0x0000000008001f8c                _read
 .text._write   0x0000000008001fc6       0x38 ./Core/Src/syscalls.o
                0x0000000008001fc6                _write
 .text._close   0x0000000008001ffe       0x18 ./Core/Src/syscalls.o
                0x0000000008001ffe                _close
 .text._fstat   0x0000000008002016       0x20 ./Core/Src/syscalls.o
                0x0000000008002016                _fstat
 .text._isatty  0x0000000008002036       0x16 ./Core/Src/syscalls.o
                0x0000000008002036                _isatty
 .text._lseek   0x000000000800204c       0x1a ./Core/Src/syscalls.o
                0x000000000800204c                _lseek
 *fill*         0x0000000008002066        0x2 
 .text._sbrk    0x0000000008002068       0x6c ./Core/Src/sysmem.o
                0x0000000008002068                _sbrk
 .text.SystemInit
                0x00000000080020d4       0x24 ./Core/Src/system_stm32f4xx.o
                0x00000000080020d4                SystemInit
 .text.HAL_TIM_PeriodElapsedCallback
                0x00000000080020f8       0xb0 ./Core/Src/timer_management.o
                0x00000000080020f8                HAL_TIM_PeriodElapsedCallback
 .text.HAL_TIM_IC_CaptureCallback
                0x00000000080021a8       0x6c ./Core/Src/timer_management.o
                0x00000000080021a8                HAL_TIM_IC_CaptureCallback
 .text.HAL_UART_RxCpltCallback
                0x0000000008002214      0x170 ./Core/Src/uart_management.o
                0x0000000008002214                HAL_UART_RxCpltCallback
 .text.WashingMachine_Init
                0x0000000008002384       0x6c ./Core/Src/washing_machine.o
                0x0000000008002384                WashingMachine_Init
 .text.WashingMachine_Processing
                0x00000000080023f0       0x48 ./Core/Src/washing_machine.o
                0x00000000080023f0                WashingMachine_Processing
 .text.Idle_Mode_Laundry
                0x0000000008002438       0x54 ./Core/Src/washing_machine.o
 .text.Wash_Mode_Laundry
                0x000000000800248c      0x28c ./Core/Src/washing_machine.o
 .text.Rinse_Mode_Laundry
                0x0000000008002718      0x24c ./Core/Src/washing_machine.o
 .text.Spin_Mode_Laundry
                0x0000000008002964      0x280 ./Core/Src/washing_machine.o
 .text.Check_Lid_Open
                0x0000000008002be4       0x10 ./Core/Src/washing_machine.o
 .text.Idle_Mode_Display
                0x0000000008002bf4       0x50 ./Core/Src/washing_machine.o
 .text.WashingMachine_3Mode_Display
                0x0000000008002c44      0x230 ./Core/Src/washing_machine.o
 .text.Reset_Handler
                0x0000000008002e74       0x50 ./Core/Startup/startup_stm32f429zitx.o
                0x0000000008002e74                Reset_Handler
 .text.Default_Handler
                0x0000000008002ec4        0x2 ./Core/Startup/startup_stm32f429zitx.o
                0x0000000008002ec4                RTC_Alarm_IRQHandler
                0x0000000008002ec4                HASH_RNG_IRQHandler
                0x0000000008002ec4                EXTI2_IRQHandler
                0x0000000008002ec4                TIM8_CC_IRQHandler
                0x0000000008002ec4                UART8_IRQHandler
                0x0000000008002ec4                SPI4_IRQHandler
                0x0000000008002ec4                TIM1_CC_IRQHandler
                0x0000000008002ec4                DMA2_Stream5_IRQHandler
                0x0000000008002ec4                DMA1_Stream5_IRQHandler
                0x0000000008002ec4                PVD_IRQHandler
                0x0000000008002ec4                SDIO_IRQHandler
                0x0000000008002ec4                TAMP_STAMP_IRQHandler
                0x0000000008002ec4                CAN2_RX1_IRQHandler
                0x0000000008002ec4                EXTI3_IRQHandler
                0x0000000008002ec4                TIM8_TRG_COM_TIM14_IRQHandler
                0x0000000008002ec4                TIM8_UP_TIM13_IRQHandler
                0x0000000008002ec4                I2C3_ER_IRQHandler
                0x0000000008002ec4                EXTI0_IRQHandler
                0x0000000008002ec4                I2C2_EV_IRQHandler
                0x0000000008002ec4                DMA1_Stream2_IRQHandler
                0x0000000008002ec4                CAN1_RX0_IRQHandler
                0x0000000008002ec4                FPU_IRQHandler
                0x0000000008002ec4                OTG_HS_WKUP_IRQHandler
                0x0000000008002ec4                LTDC_ER_IRQHandler
                0x0000000008002ec4                CAN2_SCE_IRQHandler
                0x0000000008002ec4                DMA2_Stream2_IRQHandler
                0x0000000008002ec4                SPI1_IRQHandler
                0x0000000008002ec4                TIM6_DAC_IRQHandler
                0x0000000008002ec4                TIM1_BRK_TIM9_IRQHandler
                0x0000000008002ec4                DCMI_IRQHandler
                0x0000000008002ec4                CAN2_RX0_IRQHandler
                0x0000000008002ec4                DMA2_Stream3_IRQHandler
                0x0000000008002ec4                CAN1_RX1_IRQHandler
                0x0000000008002ec4                UART5_IRQHandler
                0x0000000008002ec4                DMA2_Stream0_IRQHandler
                0x0000000008002ec4                TIM4_IRQHandler
                0x0000000008002ec4                I2C1_EV_IRQHandler
                0x0000000008002ec4                DMA1_Stream6_IRQHandler
                0x0000000008002ec4                DMA1_Stream1_IRQHandler
                0x0000000008002ec4                UART4_IRQHandler
                0x0000000008002ec4                RCC_IRQHandler
                0x0000000008002ec4                TIM8_BRK_TIM12_IRQHandler
                0x0000000008002ec4                Default_Handler
                0x0000000008002ec4                EXTI15_10_IRQHandler
                0x0000000008002ec4                ADC_IRQHandler
                0x0000000008002ec4                DMA1_Stream7_IRQHandler
                0x0000000008002ec4                SPI5_IRQHandler
                0x0000000008002ec4                TIM7_IRQHandler
                0x0000000008002ec4                CAN2_TX_IRQHandler
                0x0000000008002ec4                DMA2_Stream7_IRQHandler
                0x0000000008002ec4                I2C3_EV_IRQHandler
                0x0000000008002ec4                EXTI9_5_IRQHandler
                0x0000000008002ec4                RTC_WKUP_IRQHandler
                0x0000000008002ec4                LTDC_IRQHandler
                0x0000000008002ec4                ETH_WKUP_IRQHandler
                0x0000000008002ec4                SPI2_IRQHandler
                0x0000000008002ec4                OTG_HS_EP1_IN_IRQHandler
                0x0000000008002ec4                DMA1_Stream0_IRQHandler
                0x0000000008002ec4                CAN1_TX_IRQHandler
                0x0000000008002ec4                EXTI4_IRQHandler
                0x0000000008002ec4                ETH_IRQHandler
                0x0000000008002ec4                OTG_HS_EP1_OUT_IRQHandler
                0x0000000008002ec4                WWDG_IRQHandler
                0x0000000008002ec4                SPI6_IRQHandler
                0x0000000008002ec4                OTG_FS_WKUP_IRQHandler
                0x0000000008002ec4                OTG_HS_IRQHandler
                0x0000000008002ec4                DMA2D_IRQHandler
                0x0000000008002ec4                EXTI1_IRQHandler
                0x0000000008002ec4                UART7_IRQHandler
                0x0000000008002ec4                USART2_IRQHandler
                0x0000000008002ec4                I2C2_ER_IRQHandler
                0x0000000008002ec4                DMA2_Stream1_IRQHandler
                0x0000000008002ec4                CAN1_SCE_IRQHandler
                0x0000000008002ec4                FLASH_IRQHandler
                0x0000000008002ec4                DMA2_Stream4_IRQHandler
                0x0000000008002ec4                USART1_IRQHandler
                0x0000000008002ec4                OTG_FS_IRQHandler
                0x0000000008002ec4                SPI3_IRQHandler
                0x0000000008002ec4                DMA1_Stream4_IRQHandler
                0x0000000008002ec4                I2C1_ER_IRQHandler
                0x0000000008002ec4                FMC_IRQHandler
                0x0000000008002ec4                DMA2_Stream6_IRQHandler
                0x0000000008002ec4                SAI1_IRQHandler
                0x0000000008002ec4                DMA1_Stream3_IRQHandler
 *fill*         0x0000000008002ec6        0x2 
 .text.HAL_Init
                0x0000000008002ec8       0x44 ./Drivers/STM32F4xx_HAL_Driver/Src/stm32f4xx_hal.o
                0x0000000008002ec8                HAL_Init
 .text.HAL_InitTick
                0x0000000008002f0c       0x60 ./Drivers/STM32F4xx_HAL_Driver/Src/stm32f4xx_hal.o
                0x0000000008002f0c                HAL_InitTick
 .text.HAL_IncTick
                0x0000000008002f6c       0x28 ./Drivers/STM32F4xx_HAL_Driver/Src/stm32f4xx_hal.o
                0x0000000008002f6c                HAL_IncTick
 .text.HAL_GetTick
                0x0000000008002f94       0x18 ./Drivers/STM32F4xx_HAL_Driver/Src/stm32f4xx_hal.o
                0x0000000008002f94                HAL_GetTick
 .text.HAL_Delay
                0x0000000008002fac       0x48 ./Drivers/STM32F4xx_HAL_Driver/Src/stm32f4xx_hal.o
                0x0000000008002fac                HAL_Delay
 .text.__NVIC_SetPriorityGrouping
                0x0000000008002ff4       0x48 ./Drivers/STM32F4xx_HAL_Driver/Src/stm32f4xx_hal_cortex.o
 .text.__NVIC_GetPriorityGrouping
                0x000000000800303c       0x1c ./Drivers/STM32F4xx_HAL_Driver/Src/stm32f4xx_hal_cortex.o
 .text.__NVIC_EnableIRQ
                0x0000000008003058       0x3c ./Drivers/STM32F4xx_HAL_Driver/Src/stm32f4xx_hal_cortex.o
 .text.__NVIC_SetPriority
                0x0000000008003094       0x54 ./Drivers/STM32F4xx_HAL_Driver/Src/stm32f4xx_hal_cortex.o
 .text.NVIC_EncodePriority
                0x00000000080030e8       0x66 ./Drivers/STM32F4xx_HAL_Driver/Src/stm32f4xx_hal_cortex.o
 *fill*         0x000000000800314e        0x2 
 .text.SysTick_Config
                0x0000000008003150       0x44 ./Drivers/STM32F4xx_HAL_Driver/Src/stm32f4xx_hal_cortex.o
 .text.HAL_NVIC_SetPriorityGrouping
                0x0000000008003194       0x16 ./Drivers/STM32F4xx_HAL_Driver/Src/stm32f4xx_hal_cortex.o
                0x0000000008003194                HAL_NVIC_SetPriorityGrouping
 .text.HAL_NVIC_SetPriority
                0x00000000080031aa       0x38 ./Drivers/STM32F4xx_HAL_Driver/Src/stm32f4xx_hal_cortex.o
                0x00000000080031aa                HAL_NVIC_SetPriority
 .text.HAL_NVIC_EnableIRQ
                0x00000000080031e2       0x1c ./Drivers/STM32F4xx_HAL_Driver/Src/stm32f4xx_hal_cortex.o
                0x00000000080031e2                HAL_NVIC_EnableIRQ
 .text.HAL_SYSTICK_Config
                0x00000000080031fe       0x18 ./Drivers/STM32F4xx_HAL_Driver/Src/stm32f4xx_hal_cortex.o
                0x00000000080031fe                HAL_SYSTICK_Config
 .text.HAL_DMA_Abort
                0x0000000008003216       0xe0 ./Drivers/STM32F4xx_HAL_Driver/Src/stm32f4xx_hal_dma.o
                0x0000000008003216                HAL_DMA_Abort
 .text.HAL_DMA_Abort_IT
                0x00000000080032f6       0x44 ./Drivers/STM32F4xx_HAL_Driver/Src/stm32f4xx_hal_dma.o
                0x00000000080032f6                HAL_DMA_Abort_IT
 *fill*         0x000000000800333a        0x2 
 .text.HAL_ETH_Init
                0x000000000800333c       0xfc ./Drivers/STM32F4xx_HAL_Driver/Src/stm32f4xx_hal_eth.o
                0x000000000800333c                HAL_ETH_Init
 .text.ETH_SetMACConfig
                0x0000000008003438      0x160 ./Drivers/STM32F4xx_HAL_Driver/Src/stm32f4xx_hal_eth.o
 .text.ETH_SetDMAConfig
                0x0000000008003598      0x114 ./Drivers/STM32F4xx_HAL_Driver/Src/stm32f4xx_hal_eth.o
 .text.ETH_MACDMAConfig
                0x00000000080036ac       0xe4 ./Drivers/STM32F4xx_HAL_Driver/Src/stm32f4xx_hal_eth.o
 .text.ETH_MACAddressConfig
                0x0000000008003790       0x70 ./Drivers/STM32F4xx_HAL_Driver/Src/stm32f4xx_hal_eth.o
 .text.ETH_DMATxDescListInit
                0x0000000008003800       0xb2 ./Drivers/STM32F4xx_HAL_Driver/Src/stm32f4xx_hal_eth.o
 .text.ETH_DMARxDescListInit
                0x00000000080038b2       0xda ./Drivers/STM32F4xx_HAL_Driver/Src/stm32f4xx_hal_eth.o
 .text.HAL_GPIO_Init
                0x000000000800398c      0x358 ./Drivers/STM32F4xx_HAL_Driver/Src/stm32f4xx_hal_gpio.o
                0x000000000800398c                HAL_GPIO_Init
 .text.HAL_GPIO_ReadPin
                0x0000000008003ce4       0x30 ./Drivers/STM32F4xx_HAL_Driver/Src/stm32f4xx_hal_gpio.o
                0x0000000008003ce4                HAL_GPIO_ReadPin
 .text.HAL_GPIO_WritePin
                0x0000000008003d14       0x32 ./Drivers/STM32F4xx_HAL_Driver/Src/stm32f4xx_hal_gpio.o
                0x0000000008003d14                HAL_GPIO_WritePin
 *fill*         0x0000000008003d46        0x2 
 .text.HAL_I2C_Init
                0x0000000008003d48      0x288 ./Drivers/STM32F4xx_HAL_Driver/Src/stm32f4xx_hal_i2c.o
                0x0000000008003d48                HAL_I2C_Init
 .text.HAL_I2C_Master_Transmit
                0x0000000008003fd0      0x1fc ./Drivers/STM32F4xx_HAL_Driver/Src/stm32f4xx_hal_i2c.o
                0x0000000008003fd0                HAL_I2C_Master_Transmit
 .text.I2C_MasterRequestWrite
                0x00000000080041cc      0x104 ./Drivers/STM32F4xx_HAL_Driver/Src/stm32f4xx_hal_i2c.o
 .text.I2C_WaitOnFlagUntilTimeout
                0x00000000080042d0       0xae ./Drivers/STM32F4xx_HAL_Driver/Src/stm32f4xx_hal_i2c.o
 .text.I2C_WaitOnMasterAddressFlagUntilTimeout
                0x000000000800437e       0xfe ./Drivers/STM32F4xx_HAL_Driver/Src/stm32f4xx_hal_i2c.o
 .text.I2C_WaitOnTXEFlagUntilTimeout
                0x000000000800447c       0x82 ./Drivers/STM32F4xx_HAL_Driver/Src/stm32f4xx_hal_i2c.o
 .text.I2C_WaitOnBTFFlagUntilTimeout
                0x00000000080044fe       0x82 ./Drivers/STM32F4xx_HAL_Driver/Src/stm32f4xx_hal_i2c.o
 .text.I2C_IsAcknowledgeFailed
                0x0000000008004580       0x5e ./Drivers/STM32F4xx_HAL_Driver/Src/stm32f4xx_hal_i2c.o
 .text.HAL_I2CEx_ConfigAnalogFilter
                0x00000000080045de       0x78 ./Drivers/STM32F4xx_HAL_Driver/Src/stm32f4xx_hal_i2c_ex.o
                0x00000000080045de                HAL_I2CEx_ConfigAnalogFilter
 .text.HAL_I2CEx_ConfigDigitalFilter
                0x0000000008004656       0x7e ./Drivers/STM32F4xx_HAL_Driver/Src/stm32f4xx_hal_i2c_ex.o
                0x0000000008004656                HAL_I2CEx_ConfigDigitalFilter
 .text.HAL_PCD_Init
                0x00000000080046d4      0x23a ./Drivers/STM32F4xx_HAL_Driver/Src/stm32f4xx_hal_pcd.o
                0x00000000080046d4                HAL_PCD_Init
 *fill*         0x000000000800490e        0x2 
 .text.HAL_RCC_OscConfig
                0x0000000008004910      0x4f0 ./Drivers/STM32F4xx_HAL_Driver/Src/stm32f4xx_hal_rcc.o
                0x0000000008004910                HAL_RCC_OscConfig
 .text.HAL_RCC_ClockConfig
                0x0000000008004e00      0x1cc ./Drivers/STM32F4xx_HAL_Driver/Src/stm32f4xx_hal_rcc.o
                0x0000000008004e00                HAL_RCC_ClockConfig
 .text.HAL_RCC_GetSysClockFreq
                0x0000000008004fcc      0x20c ./Drivers/STM32F4xx_HAL_Driver/Src/stm32f4xx_hal_rcc.o
                0x0000000008004fcc                HAL_RCC_GetSysClockFreq
 .text.HAL_RCC_GetHCLKFreq
                0x00000000080051d8       0x18 ./Drivers/STM32F4xx_HAL_Driver/Src/stm32f4xx_hal_rcc.o
                0x00000000080051d8                HAL_RCC_GetHCLKFreq
 .text.HAL_RCC_GetPCLK1Freq
                0x00000000080051f0       0x28 ./Drivers/STM32F4xx_HAL_Driver/Src/stm32f4xx_hal_rcc.o
                0x00000000080051f0                HAL_RCC_GetPCLK1Freq
 .text.HAL_RCC_GetPCLK2Freq
                0x0000000008005218       0x28 ./Drivers/STM32F4xx_HAL_Driver/Src/stm32f4xx_hal_rcc.o
                0x0000000008005218                HAL_RCC_GetPCLK2Freq
 .text.HAL_RCCEx_PeriphCLKConfig
                0x0000000008005240      0x380 ./Drivers/STM32F4xx_HAL_Driver/Src/stm32f4xx_hal_rcc_ex.o
                0x0000000008005240                HAL_RCCEx_PeriphCLKConfig
 .text.HAL_RTC_Init
                0x00000000080055c0       0xec ./Drivers/STM32F4xx_HAL_Driver/Src/stm32f4xx_hal_rtc.o
                0x00000000080055c0                HAL_RTC_Init
 .text.HAL_RTC_SetTime
                0x00000000080056ac      0x134 ./Drivers/STM32F4xx_HAL_Driver/Src/stm32f4xx_hal_rtc.o
                0x00000000080056ac                HAL_RTC_SetTime
 .text.HAL_RTC_GetTime
                0x00000000080057e0       0xbc ./Drivers/STM32F4xx_HAL_Driver/Src/stm32f4xx_hal_rtc.o
                0x00000000080057e0                HAL_RTC_GetTime
 .text.HAL_RTC_SetDate
                0x000000000800589c      0x108 ./Drivers/STM32F4xx_HAL_Driver/Src/stm32f4xx_hal_rtc.o
                0x000000000800589c                HAL_RTC_SetDate
 .text.HAL_RTC_GetDate
                0x00000000080059a4       0x9e ./Drivers/STM32F4xx_HAL_Driver/Src/stm32f4xx_hal_rtc.o
                0x00000000080059a4                HAL_RTC_GetDate
 .text.HAL_RTC_WaitForSynchro
                0x0000000008005a42       0x50 ./Drivers/STM32F4xx_HAL_Driver/Src/stm32f4xx_hal_rtc.o
                0x0000000008005a42                HAL_RTC_WaitForSynchro
 .text.RTC_EnterInitMode
                0x0000000008005a92       0x6e ./Drivers/STM32F4xx_HAL_Driver/Src/stm32f4xx_hal_rtc.o
                0x0000000008005a92                RTC_EnterInitMode
 .text.RTC_ExitInitMode
                0x0000000008005b00       0x4a ./Drivers/STM32F4xx_HAL_Driver/Src/stm32f4xx_hal_rtc.o
                0x0000000008005b00                RTC_ExitInitMode
 .text.RTC_ByteToBcd2
                0x0000000008005b4a       0x3a ./Drivers/STM32F4xx_HAL_Driver/Src/stm32f4xx_hal_rtc.o
                0x0000000008005b4a                RTC_ByteToBcd2
 .text.RTC_Bcd2ToByte
                0x0000000008005b84       0x38 ./Drivers/STM32F4xx_HAL_Driver/Src/stm32f4xx_hal_rtc.o
                0x0000000008005b84                RTC_Bcd2ToByte
 .text.HAL_TIM_Base_Init
                0x0000000008005bbc       0x9e ./Drivers/STM32F4xx_HAL_Driver/Src/stm32f4xx_hal_tim.o
                0x0000000008005bbc                HAL_TIM_Base_Init
 *fill*         0x0000000008005c5a        0x2 
 .text.HAL_TIM_Base_Start_IT
                0x0000000008005c5c       0xe0 ./Drivers/STM32F4xx_HAL_Driver/Src/stm32f4xx_hal_tim.o
                0x0000000008005c5c                HAL_TIM_Base_Start_IT
 .text.HAL_TIM_PWM_Init
                0x0000000008005d3c       0x9e ./Drivers/STM32F4xx_HAL_Driver/Src/stm32f4xx_hal_tim.o
                0x0000000008005d3c                HAL_TIM_PWM_Init
 *fill*         0x0000000008005dda        0x2 
 .text.HAL_TIM_PWM_Start
                0x0000000008005ddc      0x190 ./Drivers/STM32F4xx_HAL_Driver/Src/stm32f4xx_hal_tim.o
                0x0000000008005ddc                HAL_TIM_PWM_Start
 .text.HAL_TIM_PWM_Stop
                0x0000000008005f6c       0xe0 ./Drivers/STM32F4xx_HAL_Driver/Src/stm32f4xx_hal_tim.o
                0x0000000008005f6c                HAL_TIM_PWM_Stop
 .text.HAL_TIM_PWM_Start_IT
                0x000000000800604c      0x22c ./Drivers/STM32F4xx_HAL_Driver/Src/stm32f4xx_hal_tim.o
                0x000000000800604c                HAL_TIM_PWM_Start_IT
 .text.HAL_TIM_IC_Init
                0x0000000008006278       0x9e ./Drivers/STM32F4xx_HAL_Driver/Src/stm32f4xx_hal_tim.o
                0x0000000008006278                HAL_TIM_IC_Init
 *fill*         0x0000000008006316        0x2 
 .text.HAL_TIM_IC_Start_IT
                0x0000000008006318      0x250 ./Drivers/STM32F4xx_HAL_Driver/Src/stm32f4xx_hal_tim.o
                0x0000000008006318                HAL_TIM_IC_Start_IT
 .text.HAL_TIM_IRQHandler
                0x0000000008006568      0x210 ./Drivers/STM32F4xx_HAL_Driver/Src/stm32f4xx_hal_tim.o
                0x0000000008006568                HAL_TIM_IRQHandler
 .text.HAL_TIM_IC_ConfigChannel
                0x0000000008006778      0x138 ./Drivers/STM32F4xx_HAL_Driver/Src/stm32f4xx_hal_tim.o
                0x0000000008006778                HAL_TIM_IC_ConfigChannel
 .text.HAL_TIM_PWM_ConfigChannel
                0x00000000080068b0      0x184 ./Drivers/STM32F4xx_HAL_Driver/Src/stm32f4xx_hal_tim.o
                0x00000000080068b0                HAL_TIM_PWM_ConfigChannel
 .text.HAL_TIM_ConfigClockSource
                0x0000000008006a34      0x18e ./Drivers/STM32F4xx_HAL_Driver/Src/stm32f4xx_hal_tim.o
                0x0000000008006a34                HAL_TIM_ConfigClockSource
 *fill*         0x0000000008006bc2        0x2 
 .text.HAL_TIM_ReadCapturedValue
                0x0000000008006bc4       0x88 ./Drivers/STM32F4xx_HAL_Driver/Src/stm32f4xx_hal_tim.o
                0x0000000008006bc4                HAL_TIM_ReadCapturedValue
 .text.HAL_TIM_OC_DelayElapsedCallback
                0x0000000008006c4c       0x14 ./Drivers/STM32F4xx_HAL_Driver/Src/stm32f4xx_hal_tim.o
                0x0000000008006c4c                HAL_TIM_OC_DelayElapsedCallback
 .text.HAL_TIM_PWM_PulseFinishedCallback
                0x0000000008006c60       0x14 ./Drivers/STM32F4xx_HAL_Driver/Src/stm32f4xx_hal_tim.o
                0x0000000008006c60                HAL_TIM_PWM_PulseFinishedCallback
 .text.HAL_TIM_TriggerCallback
                0x0000000008006c74       0x14 ./Drivers/STM32F4xx_HAL_Driver/Src/stm32f4xx_hal_tim.o
                0x0000000008006c74                HAL_TIM_TriggerCallback
 .text.TIM_Base_SetConfig
                0x0000000008006c88      0x140 ./Drivers/STM32F4xx_HAL_Driver/Src/stm32f4xx_hal_tim.o
                0x0000000008006c88                TIM_Base_SetConfig
 .text.TIM_OC1_SetConfig
                0x0000000008006dc8       0xe0 ./Drivers/STM32F4xx_HAL_Driver/Src/stm32f4xx_hal_tim.o
 .text.TIM_OC2_SetConfig
                0x0000000008006ea8       0xec ./Drivers/STM32F4xx_HAL_Driver/Src/stm32f4xx_hal_tim.o
                0x0000000008006ea8                TIM_OC2_SetConfig
 .text.TIM_OC3_SetConfig
                0x0000000008006f94       0xe8 ./Drivers/STM32F4xx_HAL_Driver/Src/stm32f4xx_hal_tim.o
 .text.TIM_OC4_SetConfig
                0x000000000800707c       0xac ./Drivers/STM32F4xx_HAL_Driver/Src/stm32f4xx_hal_tim.o
 .text.TIM_TI1_SetConfig
                0x0000000008007128       0xe8 ./Drivers/STM32F4xx_HAL_Driver/Src/stm32f4xx_hal_tim.o
                0x0000000008007128                TIM_TI1_SetConfig
 .text.TIM_TI1_ConfigInputStage
                0x0000000008007210       0x5e ./Drivers/STM32F4xx_HAL_Driver/Src/stm32f4xx_hal_tim.o
 .text.TIM_TI2_SetConfig
                0x000000000800726e       0x7a ./Drivers/STM32F4xx_HAL_Driver/Src/stm32f4xx_hal_tim.o
 .text.TIM_TI2_ConfigInputStage
                0x00000000080072e8       0x60 ./Drivers/STM32F4xx_HAL_Driver/Src/stm32f4xx_hal_tim.o
 .text.TIM_TI3_SetConfig
                0x0000000008007348       0x78 ./Drivers/STM32F4xx_HAL_Driver/Src/stm32f4xx_hal_tim.o
 .text.TIM_TI4_SetConfig
                0x00000000080073c0       0x7a ./Drivers/STM32F4xx_HAL_Driver/Src/stm32f4xx_hal_tim.o
 .text.TIM_ITRx_SetConfig
                0x000000000800743a       0x36 ./Drivers/STM32F4xx_HAL_Driver/Src/stm32f4xx_hal_tim.o
 .text.TIM_ETR_SetConfig
                0x0000000008007470       0x40 ./Drivers/STM32F4xx_HAL_Driver/Src/stm32f4xx_hal_tim.o
                0x0000000008007470                TIM_ETR_SetConfig
 .text.TIM_CCxChannelCmd
                0x00000000080074b0       0x4a ./Drivers/STM32F4xx_HAL_Driver/Src/stm32f4xx_hal_tim.o
                0x00000000080074b0                TIM_CCxChannelCmd
 *fill*         0x00000000080074fa        0x2 
 .text.HAL_TIMEx_MasterConfigSynchronization
                0x00000000080074fc       0xf8 ./Drivers/STM32F4xx_HAL_Driver/Src/stm32f4xx_hal_tim_ex.o
                0x00000000080074fc                HAL_TIMEx_MasterConfigSynchronization
 .text.HAL_TIMEx_CommutCallback
                0x00000000080075f4       0x14 ./Drivers/STM32F4xx_HAL_Driver/Src/stm32f4xx_hal_tim_ex.o
                0x00000000080075f4                HAL_TIMEx_CommutCallback
 .text.HAL_TIMEx_BreakCallback
                0x0000000008007608       0x14 ./Drivers/STM32F4xx_HAL_Driver/Src/stm32f4xx_hal_tim_ex.o
                0x0000000008007608                HAL_TIMEx_BreakCallback
 .text.HAL_UART_Init
                0x000000000800761c       0x9a ./Drivers/STM32F4xx_HAL_Driver/Src/stm32f4xx_hal_uart.o
                0x000000000800761c                HAL_UART_Init
 .text.HAL_UART_Transmit
                0x00000000080076b6      0x124 ./Drivers/STM32F4xx_HAL_Driver/Src/stm32f4xx_hal_uart.o
                0x00000000080076b6                HAL_UART_Transmit
 .text.HAL_UART_Receive_IT
                0x00000000080077da       0x60 ./Drivers/STM32F4xx_HAL_Driver/Src/stm32f4xx_hal_uart.o
                0x00000000080077da                HAL_UART_Receive_IT
 *fill*         0x000000000800783a        0x2 
 .text.HAL_UART_IRQHandler
                0x000000000800783c      0x51c ./Drivers/STM32F4xx_HAL_Driver/Src/stm32f4xx_hal_uart.o
                0x000000000800783c                HAL_UART_IRQHandler
 .text.HAL_UART_TxCpltCallback
                0x0000000008007d58       0x14 ./Drivers/STM32F4xx_HAL_Driver/Src/stm32f4xx_hal_uart.o
                0x0000000008007d58                HAL_UART_TxCpltCallback
 .text.HAL_UART_ErrorCallback
                0x0000000008007d6c       0x14 ./Drivers/STM32F4xx_HAL_Driver/Src/stm32f4xx_hal_uart.o
                0x0000000008007d6c                HAL_UART_ErrorCallback
 .text.HAL_UARTEx_RxEventCallback
                0x0000000008007d80       0x18 ./Drivers/STM32F4xx_HAL_Driver/Src/stm32f4xx_hal_uart.o
                0x0000000008007d80                HAL_UARTEx_RxEventCallback
 .text.UART_WaitOnFlagUntilTimeout
                0x0000000008007d98       0xdc ./Drivers/STM32F4xx_HAL_Driver/Src/stm32f4xx_hal_uart.o
 .text.UART_Start_Receive_IT
                0x0000000008007e74       0x7c ./Drivers/STM32F4xx_HAL_Driver/Src/stm32f4xx_hal_uart.o
                0x0000000008007e74                UART_Start_Receive_IT
 .text.UART_EndRxTransfer
                0x0000000008007ef0       0xc6 ./Drivers/STM32F4xx_HAL_Driver/Src/stm32f4xx_hal_uart.o
 .text.UART_DMAAbortOnError
                0x0000000008007fb6       0x28 ./Drivers/STM32F4xx_HAL_Driver/Src/stm32f4xx_hal_uart.o
 .text.UART_Transmit_IT
                0x0000000008007fde       0xa0 ./Drivers/STM32F4xx_HAL_Driver/Src/stm32f4xx_hal_uart.o
 .text.UART_EndTransmit_IT
                0x000000000800807e       0x30 ./Drivers/STM32F4xx_HAL_Driver/Src/stm32f4xx_hal_uart.o
 .text.UART_Receive_IT
                0x00000000080080ae      0x176 ./Drivers/STM32F4xx_HAL_Driver/Src/stm32f4xx_hal_uart.o
 .text.UART_SetConfig
                0x0000000008008224      0x4e8 ./Drivers/STM32F4xx_HAL_Driver/Src/stm32f4xx_hal_uart.o
 .text.USB_CoreInit
                0x000000000800870c       0xc2 ./Drivers/STM32F4xx_HAL_Driver/Src/stm32f4xx_ll_usb.o
                0x000000000800870c                USB_CoreInit
 .text.USB_DisableGlobalInt
                0x00000000080087ce       0x22 ./Drivers/STM32F4xx_HAL_Driver/Src/stm32f4xx_ll_usb.o
                0x00000000080087ce                USB_DisableGlobalInt
 .text.USB_SetCurrentMode
                0x00000000080087f0       0x98 ./Drivers/STM32F4xx_HAL_Driver/Src/stm32f4xx_ll_usb.o
                0x00000000080087f0                USB_SetCurrentMode
 .text.USB_DevInit
                0x0000000008008888      0x2c8 ./Drivers/STM32F4xx_HAL_Driver/Src/stm32f4xx_ll_usb.o
                0x0000000008008888                USB_DevInit
 .text.USB_FlushTxFifo
                0x0000000008008b50       0x68 ./Drivers/STM32F4xx_HAL_Driver/Src/stm32f4xx_ll_usb.o
                0x0000000008008b50                USB_FlushTxFifo
 .text.USB_FlushRxFifo
                0x0000000008008bb8       0x60 ./Drivers/STM32F4xx_HAL_Driver/Src/stm32f4xx_ll_usb.o
                0x0000000008008bb8                USB_FlushRxFifo
 .text.USB_SetDevSpeed
                0x0000000008008c18       0x32 ./Drivers/STM32F4xx_HAL_Driver/Src/stm32f4xx_ll_usb.o
                0x0000000008008c18                USB_SetDevSpeed
 .text.USB_DevDisconnect
                0x0000000008008c4a       0x42 ./Drivers/STM32F4xx_HAL_Driver/Src/stm32f4xx_ll_usb.o
                0x0000000008008c4a                USB_DevDisconnect
 .text.USB_GetMode
                0x0000000008008c8c       0x1c ./Drivers/STM32F4xx_HAL_Driver/Src/stm32f4xx_ll_usb.o
                0x0000000008008c8c                USB_GetMode
 .text.USB_CoreReset
                0x0000000008008ca8       0x68 ./Drivers/STM32F4xx_HAL_Driver/Src/stm32f4xx_ll_usb.o
 .text.__errno  0x0000000008008d10        0xc c:/st/stm32cubeide_1.12.0/stm32cubeide/plugins/com.st.stm32cube.ide.mcu.externaltools.gnu-tools-for-stm32.10.3-2021.10.win32_1.0.200.202301161003/tools/bin/../lib/gcc/arm-none-eabi/10.3.1/../../../../arm-none-eabi/lib/thumb/v7e-m+fp/hard\libc_nano.a(lib_a-errno.o)
                0x0000000008008d10                __errno
 .text.__libc_init_array
                0x0000000008008d1c       0x48 c:/st/stm32cubeide_1.12.0/stm32cubeide/plugins/com.st.stm32cube.ide.mcu.externaltools.gnu-tools-for-stm32.10.3-2021.10.win32_1.0.200.202301161003/tools/bin/../lib/gcc/arm-none-eabi/10.3.1/../../../../arm-none-eabi/lib/thumb/v7e-m+fp/hard\libc_nano.a(lib_a-init.o)
                0x0000000008008d1c                __libc_init_array
 .text.memset   0x0000000008008d64       0x10 c:/st/stm32cubeide_1.12.0/stm32cubeide/plugins/com.st.stm32cube.ide.mcu.externaltools.gnu-tools-for-stm32.10.3-2021.10.win32_1.0.200.202301161003/tools/bin/../lib/gcc/arm-none-eabi/10.3.1/../../../../arm-none-eabi/lib/thumb/v7e-m+fp/hard\libc_nano.a(lib_a-memset.o)
                0x0000000008008d64                memset
 .text._puts_r  0x0000000008008d74       0xdc c:/st/stm32cubeide_1.12.0/stm32cubeide/plugins/com.st.stm32cube.ide.mcu.externaltools.gnu-tools-for-stm32.10.3-2021.10.win32_1.0.200.202301161003/tools/bin/../lib/gcc/arm-none-eabi/10.3.1/../../../../arm-none-eabi/lib/thumb/v7e-m+fp/hard\libc_nano.a(lib_a-puts.o)
                0x0000000008008d74                _puts_r
 .text.puts     0x0000000008008e50       0x10 c:/st/stm32cubeide_1.12.0/stm32cubeide/plugins/com.st.stm32cube.ide.mcu.externaltools.gnu-tools-for-stm32.10.3-2021.10.win32_1.0.200.202301161003/tools/bin/../lib/gcc/arm-none-eabi/10.3.1/../../../../arm-none-eabi/lib/thumb/v7e-m+fp/hard\libc_nano.a(lib_a-puts.o)
                0x0000000008008e50                puts
 .text.sprintf  0x0000000008008e60       0x40 c:/st/stm32cubeide_1.12.0/stm32cubeide/plugins/com.st.stm32cube.ide.mcu.externaltools.gnu-tools-for-stm32.10.3-2021.10.win32_1.0.200.202301161003/tools/bin/../lib/gcc/arm-none-eabi/10.3.1/../../../../arm-none-eabi/lib/thumb/v7e-m+fp/hard\libc_nano.a(lib_a-sprintf.o)
                0x0000000008008e60                siprintf
                0x0000000008008e60                sprintf
 .text.__swbuf_r
                0x0000000008008ea0       0xa4 c:/st/stm32cubeide_1.12.0/stm32cubeide/plugins/com.st.stm32cube.ide.mcu.externaltools.gnu-tools-for-stm32.10.3-2021.10.win32_1.0.200.202301161003/tools/bin/../lib/gcc/arm-none-eabi/10.3.1/../../../../arm-none-eabi/lib/thumb/v7e-m+fp/hard\libc_nano.a(lib_a-wbuf.o)
                0x0000000008008ea0                __swbuf_r
 .text.__swsetup_r
                0x0000000008008f44       0xdc c:/st/stm32cubeide_1.12.0/stm32cubeide/plugins/com.st.stm32cube.ide.mcu.externaltools.gnu-tools-for-stm32.10.3-2021.10.win32_1.0.200.202301161003/tools/bin/../lib/gcc/arm-none-eabi/10.3.1/../../../../arm-none-eabi/lib/thumb/v7e-m+fp/hard\libc_nano.a(lib_a-wsetup.o)
                0x0000000008008f44                __swsetup_r
 .text.__sflush_r
                0x0000000008009020      0x10c c:/st/stm32cubeide_1.12.0/stm32cubeide/plugins/com.st.stm32cube.ide.mcu.externaltools.gnu-tools-for-stm32.10.3-2021.10.win32_1.0.200.202301161003/tools/bin/../lib/gcc/arm-none-eabi/10.3.1/../../../../arm-none-eabi/lib/thumb/v7e-m+fp/hard\libc_nano.a(lib_a-fflush.o)
                0x0000000008009020                __sflush_r
 .text._fflush_r
                0x000000000800912c       0x78 c:/st/stm32cubeide_1.12.0/stm32cubeide/plugins/com.st.stm32cube.ide.mcu.externaltools.gnu-tools-for-stm32.10.3-2021.10.win32_1.0.200.202301161003/tools/bin/../lib/gcc/arm-none-eabi/10.3.1/../../../../arm-none-eabi/lib/thumb/v7e-m+fp/hard\libc_nano.a(lib_a-fflush.o)
                0x000000000800912c                _fflush_r
 .text.std      0x00000000080091a4       0x48 c:/st/stm32cubeide_1.12.0/stm32cubeide/plugins/com.st.stm32cube.ide.mcu.externaltools.gnu-tools-for-stm32.10.3-2021.10.win32_1.0.200.202301161003/tools/bin/../lib/gcc/arm-none-eabi/10.3.1/../../../../arm-none-eabi/lib/thumb/v7e-m+fp/hard\libc_nano.a(lib_a-findfp.o)
 .text._cleanup_r
                0x00000000080091ec        0xc c:/st/stm32cubeide_1.12.0/stm32cubeide/plugins/com.st.stm32cube.ide.mcu.externaltools.gnu-tools-for-stm32.10.3-2021.10.win32_1.0.200.202301161003/tools/bin/../lib/gcc/arm-none-eabi/10.3.1/../../../../arm-none-eabi/lib/thumb/v7e-m+fp/hard\libc_nano.a(lib_a-findfp.o)
                0x00000000080091ec                _cleanup_r
 .text.__sfmoreglue
                0x00000000080091f8       0x2c c:/st/stm32cubeide_1.12.0/stm32cubeide/plugins/com.st.stm32cube.ide.mcu.externaltools.gnu-tools-for-stm32.10.3-2021.10.win32_1.0.200.202301161003/tools/bin/../lib/gcc/arm-none-eabi/10.3.1/../../../../arm-none-eabi/lib/thumb/v7e-m+fp/hard\libc_nano.a(lib_a-findfp.o)
                0x00000000080091f8                __sfmoreglue
 .text.__sfp_lock_acquire
                0x0000000008009224        0xc c:/st/stm32cubeide_1.12.0/stm32cubeide/plugins/com.st.stm32cube.ide.mcu.externaltools.gnu-tools-for-stm32.10.3-2021.10.win32_1.0.200.202301161003/tools/bin/../lib/gcc/arm-none-eabi/10.3.1/../../../../arm-none-eabi/lib/thumb/v7e-m+fp/hard\libc_nano.a(lib_a-findfp.o)
                0x0000000008009224                __sfp_lock_acquire
 .text.__sfp_lock_release
                0x0000000008009230        0xc c:/st/stm32cubeide_1.12.0/stm32cubeide/plugins/com.st.stm32cube.ide.mcu.externaltools.gnu-tools-for-stm32.10.3-2021.10.win32_1.0.200.202301161003/tools/bin/../lib/gcc/arm-none-eabi/10.3.1/../../../../arm-none-eabi/lib/thumb/v7e-m+fp/hard\libc_nano.a(lib_a-findfp.o)
                0x0000000008009230                __sfp_lock_release
 .text.__sinit_lock_acquire
                0x000000000800923c        0xc c:/st/stm32cubeide_1.12.0/stm32cubeide/plugins/com.st.stm32cube.ide.mcu.externaltools.gnu-tools-for-stm32.10.3-2021.10.win32_1.0.200.202301161003/tools/bin/../lib/gcc/arm-none-eabi/10.3.1/../../../../arm-none-eabi/lib/thumb/v7e-m+fp/hard\libc_nano.a(lib_a-findfp.o)
                0x000000000800923c                __sinit_lock_acquire
 .text.__sinit_lock_release
                0x0000000008009248        0xc c:/st/stm32cubeide_1.12.0/stm32cubeide/plugins/com.st.stm32cube.ide.mcu.externaltools.gnu-tools-for-stm32.10.3-2021.10.win32_1.0.200.202301161003/tools/bin/../lib/gcc/arm-none-eabi/10.3.1/../../../../arm-none-eabi/lib/thumb/v7e-m+fp/hard\libc_nano.a(lib_a-findfp.o)
                0x0000000008009248                __sinit_lock_release
 .text.__sinit  0x0000000008009254       0x70 c:/st/stm32cubeide_1.12.0/stm32cubeide/plugins/com.st.stm32cube.ide.mcu.externaltools.gnu-tools-for-stm32.10.3-2021.10.win32_1.0.200.202301161003/tools/bin/../lib/gcc/arm-none-eabi/10.3.1/../../../../arm-none-eabi/lib/thumb/v7e-m+fp/hard\libc_nano.a(lib_a-findfp.o)
                0x0000000008009254                __sinit
 .text.__sfp    0x00000000080092c4       0x8c c:/st/stm32cubeide_1.12.0/stm32cubeide/plugins/com.st.stm32cube.ide.mcu.externaltools.gnu-tools-for-stm32.10.3-2021.10.win32_1.0.200.202301161003/tools/bin/../lib/gcc/arm-none-eabi/10.3.1/../../../../arm-none-eabi/lib/thumb/v7e-m+fp/hard\libc_nano.a(lib_a-findfp.o)
                0x00000000080092c4                __sfp
 .text._fwalk_reent
                0x0000000008009350       0x3e c:/st/stm32cubeide_1.12.0/stm32cubeide/plugins/com.st.stm32cube.ide.mcu.externaltools.gnu-tools-for-stm32.10.3-2021.10.win32_1.0.200.202301161003/tools/bin/../lib/gcc/arm-none-eabi/10.3.1/../../../../arm-none-eabi/lib/thumb/v7e-m+fp/hard\libc_nano.a(lib_a-fwalk.o)
                0x0000000008009350                _fwalk_reent
 .text.__retarget_lock_init_recursive
                0x000000000800938e        0x2 c:/st/stm32cubeide_1.12.0/stm32cubeide/plugins/com.st.stm32cube.ide.mcu.externaltools.gnu-tools-for-stm32.10.3-2021.10.win32_1.0.200.202301161003/tools/bin/../lib/gcc/arm-none-eabi/10.3.1/../../../../arm-none-eabi/lib/thumb/v7e-m+fp/hard\libc_nano.a(lib_a-lock.o)
                0x000000000800938e                __retarget_lock_init_recursive
 .text.__retarget_lock_acquire_recursive
                0x0000000008009390        0x2 c:/st/stm32cubeide_1.12.0/stm32cubeide/plugins/com.st.stm32cube.ide.mcu.externaltools.gnu-tools-for-stm32.10.3-2021.10.win32_1.0.200.202301161003/tools/bin/../lib/gcc/arm-none-eabi/10.3.1/../../../../arm-none-eabi/lib/thumb/v7e-m+fp/hard\libc_nano.a(lib_a-lock.o)
                0x0000000008009390                __retarget_lock_acquire_recursive
 .text.__retarget_lock_release_recursive
                0x0000000008009392        0x2 c:/st/stm32cubeide_1.12.0/stm32cubeide/plugins/com.st.stm32cube.ide.mcu.externaltools.gnu-tools-for-stm32.10.3-2021.10.win32_1.0.200.202301161003/tools/bin/../lib/gcc/arm-none-eabi/10.3.1/../../../../arm-none-eabi/lib/thumb/v7e-m+fp/hard\libc_nano.a(lib_a-lock.o)
                0x0000000008009392                __retarget_lock_release_recursive
 .text.__swhatbuf_r
                0x0000000008009394       0x4a c:/st/stm32cubeide_1.12.0/stm32cubeide/plugins/com.st.stm32cube.ide.mcu.externaltools.gnu-tools-for-stm32.10.3-2021.10.win32_1.0.200.202301161003/tools/bin/../lib/gcc/arm-none-eabi/10.3.1/../../../../arm-none-eabi/lib/thumb/v7e-m+fp/hard\libc_nano.a(lib_a-makebuf.o)
                0x0000000008009394                __swhatbuf_r
 *fill*         0x00000000080093de        0x2 
 .text.__smakebuf_r
                0x00000000080093e0       0x80 c:/st/stm32cubeide_1.12.0/stm32cubeide/plugins/com.st.stm32cube.ide.mcu.externaltools.gnu-tools-for-stm32.10.3-2021.10.win32_1.0.200.202301161003/tools/bin/../lib/gcc/arm-none-eabi/10.3.1/../../../../arm-none-eabi/lib/thumb/v7e-m+fp/hard\libc_nano.a(lib_a-makebuf.o)
                0x00000000080093e0                __smakebuf_r
 .text._free_r  0x0000000008009460       0x98 c:/st/stm32cubeide_1.12.0/stm32cubeide/plugins/com.st.stm32cube.ide.mcu.externaltools.gnu-tools-for-stm32.10.3-2021.10.win32_1.0.200.202301161003/tools/bin/../lib/gcc/arm-none-eabi/10.3.1/../../../../arm-none-eabi/lib/thumb/v7e-m+fp/hard\libc_nano.a(lib_a-nano-freer.o)
                0x0000000008009460                _free_r
 .text.sbrk_aligned
                0x00000000080094f8       0x40 c:/st/stm32cubeide_1.12.0/stm32cubeide/plugins/com.st.stm32cube.ide.mcu.externaltools.gnu-tools-for-stm32.10.3-2021.10.win32_1.0.200.202301161003/tools/bin/../lib/gcc/arm-none-eabi/10.3.1/../../../../arm-none-eabi/lib/thumb/v7e-m+fp/hard\libc_nano.a(lib_a-nano-mallocr.o)
 .text._malloc_r
                0x0000000008009538       0xe8 c:/st/stm32cubeide_1.12.0/stm32cubeide/plugins/com.st.stm32cube.ide.mcu.externaltools.gnu-tools-for-stm32.10.3-2021.10.win32_1.0.200.202301161003/tools/bin/../lib/gcc/arm-none-eabi/10.3.1/../../../../arm-none-eabi/lib/thumb/v7e-m+fp/hard\libc_nano.a(lib_a-nano-mallocr.o)
                0x0000000008009538                _malloc_r
 .text.__ssputs_r
                0x0000000008009620       0xb6 c:/st/stm32cubeide_1.12.0/stm32cubeide/plugins/com.st.stm32cube.ide.mcu.externaltools.gnu-tools-for-stm32.10.3-2021.10.win32_1.0.200.202301161003/tools/bin/../lib/gcc/arm-none-eabi/10.3.1/../../../../arm-none-eabi/lib/thumb/v7e-m+fp/hard\libc_nano.a(lib_a-nano-svfprintf.o)
                0x0000000008009620                __ssputs_r
 *fill*         0x00000000080096d6        0x2 
 .text._svfprintf_r
                0x00000000080096d8      0x200 c:/st/stm32cubeide_1.12.0/stm32cubeide/plugins/com.st.stm32cube.ide.mcu.externaltools.gnu-tools-for-stm32.10.3-2021.10.win32_1.0.200.202301161003/tools/bin/../lib/gcc/arm-none-eabi/10.3.1/../../../../arm-none-eabi/lib/thumb/v7e-m+fp/hard\libc_nano.a(lib_a-nano-svfprintf.o)
                0x00000000080096d8                _svfiprintf_r
                0x00000000080096d8                _svfprintf_r
 .text._printf_common
                0x00000000080098d8       0xda c:/st/stm32cubeide_1.12.0/stm32cubeide/plugins/com.st.stm32cube.ide.mcu.externaltools.gnu-tools-for-stm32.10.3-2021.10.win32_1.0.200.202301161003/tools/bin/../lib/gcc/arm-none-eabi/10.3.1/../../../../arm-none-eabi/lib/thumb/v7e-m+fp/hard\libc_nano.a(lib_a-nano-vfprintf_i.o)
                0x00000000080098d8                _printf_common
 *fill*         0x00000000080099b2        0x2 
 .text._printf_i
                0x00000000080099b4      0x24c c:/st/stm32cubeide_1.12.0/stm32cubeide/plugins/com.st.stm32cube.ide.mcu.externaltools.gnu-tools-for-stm32.10.3-2021.10.win32_1.0.200.202301161003/tools/bin/../lib/gcc/arm-none-eabi/10.3.1/../../../../arm-none-eabi/lib/thumb/v7e-m+fp/hard\libc_nano.a(lib_a-nano-vfprintf_i.o)
                0x00000000080099b4                _printf_i
 .text._sbrk_r  0x0000000008009c00       0x20 c:/st/stm32cubeide_1.12.0/stm32cubeide/plugins/com.st.stm32cube.ide.mcu.externaltools.gnu-tools-for-stm32.10.3-2021.10.win32_1.0.200.202301161003/tools/bin/../lib/gcc/arm-none-eabi/10.3.1/../../../../arm-none-eabi/lib/thumb/v7e-m+fp/hard\libc_nano.a(lib_a-sbrkr.o)
                0x0000000008009c00                _sbrk_r
 .text.__sread  0x0000000008009c20       0x22 c:/st/stm32cubeide_1.12.0/stm32cubeide/plugins/com.st.stm32cube.ide.mcu.externaltools.gnu-tools-for-stm32.10.3-2021.10.win32_1.0.200.202301161003/tools/bin/../lib/gcc/arm-none-eabi/10.3.1/../../../../arm-none-eabi/lib/thumb/v7e-m+fp/hard\libc_nano.a(lib_a-stdio.o)
                0x0000000008009c20                __sread
 .text.__swrite
                0x0000000008009c42       0x38 c:/st/stm32cubeide_1.12.0/stm32cubeide/plugins/com.st.stm32cube.ide.mcu.externaltools.gnu-tools-for-stm32.10.3-2021.10.win32_1.0.200.202301161003/tools/bin/../lib/gcc/arm-none-eabi/10.3.1/../../../../arm-none-eabi/lib/thumb/v7e-m+fp/hard\libc_nano.a(lib_a-stdio.o)
                0x0000000008009c42                __swrite
 .text.__sseek  0x0000000008009c7a       0x24 c:/st/stm32cubeide_1.12.0/stm32cubeide/plugins/com.st.stm32cube.ide.mcu.externaltools.gnu-tools-for-stm32.10.3-2021.10.win32_1.0.200.202301161003/tools/bin/../lib/gcc/arm-none-eabi/10.3.1/../../../../arm-none-eabi/lib/thumb/v7e-m+fp/hard\libc_nano.a(lib_a-stdio.o)
                0x0000000008009c7a                __sseek
 .text.__sclose
                0x0000000008009c9e        0x8 c:/st/stm32cubeide_1.12.0/stm32cubeide/plugins/com.st.stm32cube.ide.mcu.externaltools.gnu-tools-for-stm32.10.3-2021.10.win32_1.0.200.202301161003/tools/bin/../lib/gcc/arm-none-eabi/10.3.1/../../../../arm-none-eabi/lib/thumb/v7e-m+fp/hard\libc_nano.a(lib_a-stdio.o)
                0x0000000008009c9e                __sclose
 *fill*         0x0000000008009ca6        0x2 
 .text._write_r
                0x0000000008009ca8       0x24 c:/st/stm32cubeide_1.12.0/stm32cubeide/plugins/com.st.stm32cube.ide.mcu.externaltools.gnu-tools-for-stm32.10.3-2021.10.win32_1.0.200.202301161003/tools/bin/../lib/gcc/arm-none-eabi/10.3.1/../../../../arm-none-eabi/lib/thumb/v7e-m+fp/hard\libc_nano.a(lib_a-writer.o)
                0x0000000008009ca8                _write_r
 .text._close_r
                0x0000000008009ccc       0x20 c:/st/stm32cubeide_1.12.0/stm32cubeide/plugins/com.st.stm32cube.ide.mcu.externaltools.gnu-tools-for-stm32.10.3-2021.10.win32_1.0.200.202301161003/tools/bin/../lib/gcc/arm-none-eabi/10.3.1/../../../../arm-none-eabi/lib/thumb/v7e-m+fp/hard\libc_nano.a(lib_a-closer.o)
                0x0000000008009ccc                _close_r
 .text._fstat_r
                0x0000000008009cec       0x24 c:/st/stm32cubeide_1.12.0/stm32cubeide/plugins/com.st.stm32cube.ide.mcu.externaltools.gnu-tools-for-stm32.10.3-2021.10.win32_1.0.200.202301161003/tools/bin/../lib/gcc/arm-none-eabi/10.3.1/../../../../arm-none-eabi/lib/thumb/v7e-m+fp/hard\libc_nano.a(lib_a-fstatr.o)
                0x0000000008009cec                _fstat_r
 .text._isatty_r
                0x0000000008009d10       0x20 c:/st/stm32cubeide_1.12.0/stm32cubeide/plugins/com.st.stm32cube.ide.mcu.externaltools.gnu-tools-for-stm32.10.3-2021.10.win32_1.0.200.202301161003/tools/bin/../lib/gcc/arm-none-eabi/10.3.1/../../../../arm-none-eabi/lib/thumb/v7e-m+fp/hard\libc_nano.a(lib_a-isattyr.o)
                0x0000000008009d10                _isatty_r
 .text._lseek_r
                0x0000000008009d30       0x24 c:/st/stm32cubeide_1.12.0/stm32cubeide/plugins/com.st.stm32cube.ide.mcu.externaltools.gnu-tools-for-stm32.10.3-2021.10.win32_1.0.200.202301161003/tools/bin/../lib/gcc/arm-none-eabi/10.3.1/../../../../arm-none-eabi/lib/thumb/v7e-m+fp/hard\libc_nano.a(lib_a-lseekr.o)
                0x0000000008009d30                _lseek_r
 .text.memcpy   0x0000000008009d54       0x1c c:/st/stm32cubeide_1.12.0/stm32cubeide/plugins/com.st.stm32cube.ide.mcu.externaltools.gnu-tools-for-stm32.10.3-2021.10.win32_1.0.200.202301161003/tools/bin/../lib/gcc/arm-none-eabi/10.3.1/../../../../arm-none-eabi/lib/thumb/v7e-m+fp/hard\libc_nano.a(lib_a-memcpy-stub.o)
                0x0000000008009d54                memcpy
 .text.memmove  0x0000000008009d70       0x34 c:/st/stm32cubeide_1.12.0/stm32cubeide/plugins/com.st.stm32cube.ide.mcu.externaltools.gnu-tools-for-stm32.10.3-2021.10.win32_1.0.200.202301161003/tools/bin/../lib/gcc/arm-none-eabi/10.3.1/../../../../arm-none-eabi/lib/thumb/v7e-m+fp/hard\libc_nano.a(lib_a-memmove.o)
                0x0000000008009d70                memmove
 .text.__malloc_lock
                0x0000000008009da4        0xc c:/st/stm32cubeide_1.12.0/stm32cubeide/plugins/com.st.stm32cube.ide.mcu.externaltools.gnu-tools-for-stm32.10.3-2021.10.win32_1.0.200.202301161003/tools/bin/../lib/gcc/arm-none-eabi/10.3.1/../../../../arm-none-eabi/lib/thumb/v7e-m+fp/hard\libc_nano.a(lib_a-mlock.o)
                0x0000000008009da4                __malloc_lock
 .text.__malloc_unlock
                0x0000000008009db0        0xc c:/st/stm32cubeide_1.12.0/stm32cubeide/plugins/com.st.stm32cube.ide.mcu.externaltools.gnu-tools-for-stm32.10.3-2021.10.win32_1.0.200.202301161003/tools/bin/../lib/gcc/arm-none-eabi/10.3.1/../../../../arm-none-eabi/lib/thumb/v7e-m+fp/hard\libc_nano.a(lib_a-mlock.o)
                0x0000000008009db0                __malloc_unlock
 .text._realloc_r
                0x0000000008009dbc       0x5e c:/st/stm32cubeide_1.12.0/stm32cubeide/plugins/com.st.stm32cube.ide.mcu.externaltools.gnu-tools-for-stm32.10.3-2021.10.win32_1.0.200.202301161003/tools/bin/../lib/gcc/arm-none-eabi/10.3.1/../../../../arm-none-eabi/lib/thumb/v7e-m+fp/hard\libc_nano.a(lib_a-nano-reallocr.o)
                0x0000000008009dbc                _realloc_r
 *fill*         0x0000000008009e1a        0x2 
 .text._read_r  0x0000000008009e1c       0x24 c:/st/stm32cubeide_1.12.0/stm32cubeide/plugins/com.st.stm32cube.ide.mcu.externaltools.gnu-tools-for-stm32.10.3-2021.10.win32_1.0.200.202301161003/tools/bin/../lib/gcc/arm-none-eabi/10.3.1/../../../../arm-none-eabi/lib/thumb/v7e-m+fp/hard\libc_nano.a(lib_a-readr.o)
                0x0000000008009e1c                _read_r
 .text._malloc_usable_size_r
                0x0000000008009e40       0x10 c:/st/stm32cubeide_1.12.0/stm32cubeide/plugins/com.st.stm32cube.ide.mcu.externaltools.gnu-tools-for-stm32.10.3-2021.10.win32_1.0.200.202301161003/tools/bin/../lib/gcc/arm-none-eabi/10.3.1/../../../../arm-none-eabi/lib/thumb/v7e-m+fp/hard\libc_nano.a(lib_a-nano-msizer.o)
                0x0000000008009e40                _malloc_usable_size_r
 *(.glue_7)
 .glue_7        0x0000000008009e50        0x0 linker stubs
 *(.glue_7t)
 .glue_7t       0x0000000008009e50        0x0 linker stubs
 *(.eh_frame)
 .eh_frame      0x0000000008009e50        0x0 c:/st/stm32cubeide_1.12.0/stm32cubeide/plugins/com.st.stm32cube.ide.mcu.externaltools.gnu-tools-for-stm32.10.3-2021.10.win32_1.0.200.202301161003/tools/bin/../lib/gcc/arm-none-eabi/10.3.1/thumb/v7e-m+fp/hard/crtbegin.o
 *(.init)
 .init          0x0000000008009e50        0x4 c:/st/stm32cubeide_1.12.0/stm32cubeide/plugins/com.st.stm32cube.ide.mcu.externaltools.gnu-tools-for-stm32.10.3-2021.10.win32_1.0.200.202301161003/tools/bin/../lib/gcc/arm-none-eabi/10.3.1/thumb/v7e-m+fp/hard/crti.o
                0x0000000008009e50                _init
 .init          0x0000000008009e54        0x8 c:/st/stm32cubeide_1.12.0/stm32cubeide/plugins/com.st.stm32cube.ide.mcu.externaltools.gnu-tools-for-stm32.10.3-2021.10.win32_1.0.200.202301161003/tools/bin/../lib/gcc/arm-none-eabi/10.3.1/thumb/v7e-m+fp/hard/crtn.o
 *(.fini)
 .fini          0x0000000008009e5c        0x4 c:/st/stm32cubeide_1.12.0/stm32cubeide/plugins/com.st.stm32cube.ide.mcu.externaltools.gnu-tools-for-stm32.10.3-2021.10.win32_1.0.200.202301161003/tools/bin/../lib/gcc/arm-none-eabi/10.3.1/thumb/v7e-m+fp/hard/crti.o
                0x0000000008009e5c                _fini
 .fini          0x0000000008009e60        0x8 c:/st/stm32cubeide_1.12.0/stm32cubeide/plugins/com.st.stm32cube.ide.mcu.externaltools.gnu-tools-for-stm32.10.3-2021.10.win32_1.0.200.202301161003/tools/bin/../lib/gcc/arm-none-eabi/10.3.1/thumb/v7e-m+fp/hard/crtn.o
                0x0000000008009e68                . = ALIGN (0x4)
                0x0000000008009e68                _etext = .

.vfp11_veneer   0x0000000008009e68        0x0
 .vfp11_veneer  0x0000000008009e68        0x0 linker stubs

.v4_bx          0x0000000008009e68        0x0
 .v4_bx         0x0000000008009e68        0x0 linker stubs

.iplt           0x0000000008009e68        0x0
 .iplt          0x0000000008009e68        0x0 c:/st/stm32cubeide_1.12.0/stm32cubeide/plugins/com.st.stm32cube.ide.mcu.externaltools.gnu-tools-for-stm32.10.3-2021.10.win32_1.0.200.202301161003/tools/bin/../lib/gcc/arm-none-eabi/10.3.1/thumb/v7e-m+fp/hard/crtbegin.o

.rodata         0x0000000008009e68      0x248
                0x0000000008009e68                . = ALIGN (0x4)
 *(.rodata)
 .rodata        0x0000000008009e68       0x10 ./Core/Src/main.o
 .rodata        0x0000000008009e78       0xce ./Core/Src/uart_management.o
 *fill*         0x0000000008009f46        0x2 
 .rodata        0x0000000008009f48       0xb5 ./Core/Src/washing_machine.o
 *(.rodata*)
 *fill*         0x0000000008009ffd        0x3 
 .rodata.AHBPrescTable
                0x000000000800a000       0x10 ./Core/Src/system_stm32f4xx.o
                0x000000000800a000                AHBPrescTable
 .rodata.APBPrescTable
                0x000000000800a010        0x8 ./Core/Src/system_stm32f4xx.o
                0x000000000800a010                APBPrescTable
 .rodata._global_impure_ptr
                0x000000000800a018        0x4 c:/st/stm32cubeide_1.12.0/stm32cubeide/plugins/com.st.stm32cube.ide.mcu.externaltools.gnu-tools-for-stm32.10.3-2021.10.win32_1.0.200.202301161003/tools/bin/../lib/gcc/arm-none-eabi/10.3.1/../../../../arm-none-eabi/lib/thumb/v7e-m+fp/hard\libc_nano.a(lib_a-impure.o)
                0x000000000800a018                _global_impure_ptr
 .rodata.__sf_fake_stderr
                0x000000000800a01c       0x20 c:/st/stm32cubeide_1.12.0/stm32cubeide/plugins/com.st.stm32cube.ide.mcu.externaltools.gnu-tools-for-stm32.10.3-2021.10.win32_1.0.200.202301161003/tools/bin/../lib/gcc/arm-none-eabi/10.3.1/../../../../arm-none-eabi/lib/thumb/v7e-m+fp/hard\libc_nano.a(lib_a-findfp.o)
                0x000000000800a01c                __sf_fake_stderr
 .rodata.__sf_fake_stdin
                0x000000000800a03c       0x20 c:/st/stm32cubeide_1.12.0/stm32cubeide/plugins/com.st.stm32cube.ide.mcu.externaltools.gnu-tools-for-stm32.10.3-2021.10.win32_1.0.200.202301161003/tools/bin/../lib/gcc/arm-none-eabi/10.3.1/../../../../arm-none-eabi/lib/thumb/v7e-m+fp/hard\libc_nano.a(lib_a-findfp.o)
                0x000000000800a03c                __sf_fake_stdin
 .rodata.__sf_fake_stdout
                0x000000000800a05c       0x20 c:/st/stm32cubeide_1.12.0/stm32cubeide/plugins/com.st.stm32cube.ide.mcu.externaltools.gnu-tools-for-stm32.10.3-2021.10.win32_1.0.200.202301161003/tools/bin/../lib/gcc/arm-none-eabi/10.3.1/../../../../arm-none-eabi/lib/thumb/v7e-m+fp/hard\libc_nano.a(lib_a-findfp.o)
                0x000000000800a05c                __sf_fake_stdout
 .rodata._svfprintf_r.str1.1
                0x000000000800a07c       0x11 c:/st/stm32cubeide_1.12.0/stm32cubeide/plugins/com.st.stm32cube.ide.mcu.externaltools.gnu-tools-for-stm32.10.3-2021.10.win32_1.0.200.202301161003/tools/bin/../lib/gcc/arm-none-eabi/10.3.1/../../../../arm-none-eabi/lib/thumb/v7e-m+fp/hard\libc_nano.a(lib_a-nano-svfprintf.o)
 .rodata._printf_i.str1.1
                0x000000000800a08d       0x22 c:/st/stm32cubeide_1.12.0/stm32cubeide/plugins/com.st.stm32cube.ide.mcu.externaltools.gnu-tools-for-stm32.10.3-2021.10.win32_1.0.200.202301161003/tools/bin/../lib/gcc/arm-none-eabi/10.3.1/../../../../arm-none-eabi/lib/thumb/v7e-m+fp/hard\libc_nano.a(lib_a-nano-vfprintf_i.o)
                0x000000000800a0b0                . = ALIGN (0x4)
 *fill*         0x000000000800a0af        0x1 

.ARM.extab      0x000000000800a0b0        0x0
                0x000000000800a0b0                . = ALIGN (0x4)
 *(.ARM.extab* .gnu.linkonce.armextab.*)
                0x000000000800a0b0                . = ALIGN (0x4)

.ARM            0x000000000800a0b0        0x8
                0x000000000800a0b0                . = ALIGN (0x4)
                0x000000000800a0b0                __exidx_start = .
 *(.ARM.exidx*)
 .ARM.exidx     0x000000000800a0b0        0x8 c:/st/stm32cubeide_1.12.0/stm32cubeide/plugins/com.st.stm32cube.ide.mcu.externaltools.gnu-tools-for-stm32.10.3-2021.10.win32_1.0.200.202301161003/tools/bin/../lib/gcc/arm-none-eabi/10.3.1/thumb/v7e-m+fp/hard\libgcc.a(_udivmoddi4.o)
                0x000000000800a0b8                __exidx_end = .
                0x000000000800a0b8                . = ALIGN (0x4)

.rel.dyn        0x000000000800a0b8        0x0
 .rel.iplt      0x000000000800a0b8        0x0 c:/st/stm32cubeide_1.12.0/stm32cubeide/plugins/com.st.stm32cube.ide.mcu.externaltools.gnu-tools-for-stm32.10.3-2021.10.win32_1.0.200.202301161003/tools/bin/../lib/gcc/arm-none-eabi/10.3.1/thumb/v7e-m+fp/hard/crtbegin.o

.preinit_array  0x000000000800a0b8        0x0
                0x000000000800a0b8                . = ALIGN (0x4)
                0x000000000800a0b8                PROVIDE (__preinit_array_start = .)
 *(.preinit_array*)
                0x000000000800a0b8                PROVIDE (__preinit_array_end = .)
                0x000000000800a0b8                . = ALIGN (0x4)

.init_array     0x000000000800a0b8        0x4
                0x000000000800a0b8                . = ALIGN (0x4)
                0x000000000800a0b8                PROVIDE (__init_array_start = .)
 *(SORT_BY_NAME(.init_array.*))
 *(.init_array*)
 .init_array    0x000000000800a0b8        0x4 c:/st/stm32cubeide_1.12.0/stm32cubeide/plugins/com.st.stm32cube.ide.mcu.externaltools.gnu-tools-for-stm32.10.3-2021.10.win32_1.0.200.202301161003/tools/bin/../lib/gcc/arm-none-eabi/10.3.1/thumb/v7e-m+fp/hard/crtbegin.o
                0x000000000800a0bc                PROVIDE (__init_array_end = .)
                0x000000000800a0bc                . = ALIGN (0x4)

.fini_array     0x000000000800a0bc        0x4
                0x000000000800a0bc                . = ALIGN (0x4)
                [!provide]                        PROVIDE (__fini_array_start = .)
 *(SORT_BY_NAME(.fini_array.*))
 *(.fini_array*)
 .fini_array    0x000000000800a0bc        0x4 c:/st/stm32cubeide_1.12.0/stm32cubeide/plugins/com.st.stm32cube.ide.mcu.externaltools.gnu-tools-for-stm32.10.3-2021.10.win32_1.0.200.202301161003/tools/bin/../lib/gcc/arm-none-eabi/10.3.1/thumb/v7e-m+fp/hard/crtbegin.o
                [!provide]                        PROVIDE (__fini_array_end = .)
                0x000000000800a0c0                . = ALIGN (0x4)
                0x000000000800a0c0                _sidata = LOADADDR (.data)

.data           0x0000000020000000      0x184 load address 0x000000000800a0c0
                0x0000000020000000                . = ALIGN (0x4)
                0x0000000020000000                _sdata = .
 *(.data)
 *(.data*)
 .data.button_status
                0x0000000020000000        0x5 ./Core/Src/button.o
                0x0000000020000000                button_status
 *fill*         0x0000000020000005        0x3 
 .data.mode_complete_note
                0x0000000020000008       0x6c ./Core/Src/buzzer.o
                0x0000000020000008                mode_complete_note
 .data.mode_complete_rythm
                0x0000000020000074       0x6c ./Core/Src/buzzer.o
                0x0000000020000074                mode_complete_rythm
 .data.FND_digit
                0x00000000200000e0        0x8 ./Core/Src/fnd4digit.o
                0x00000000200000e0                FND_digit
 .data.FND_font
                0x00000000200000e8       0x28 ./Core/Src/fnd4digit.o
                0x00000000200000e8                FND_font
 .data.SystemCoreClock
                0x0000000020000110        0x4 ./Core/Src/system_stm32f4xx.o
                0x0000000020000110                SystemCoreClock
 .data.dcmotor_duty_cycle.0
                0x0000000020000114        0x2 ./Core/Src/washing_machine.o
 *fill*         0x0000000020000116        0x2 
 .data.uwTickPrio
                0x0000000020000118        0x4 ./Drivers/STM32F4xx_HAL_Driver/Src/stm32f4xx_hal.o
                0x0000000020000118                uwTickPrio
 .data.uwTickFreq
                0x000000002000011c        0x1 ./Drivers/STM32F4xx_HAL_Driver/Src/stm32f4xx_hal.o
                0x000000002000011c                uwTickFreq
 *fill*         0x000000002000011d        0x3 
 .data._impure_ptr
                0x0000000020000120        0x4 c:/st/stm32cubeide_1.12.0/stm32cubeide/plugins/com.st.stm32cube.ide.mcu.externaltools.gnu-tools-for-stm32.10.3-2021.10.win32_1.0.200.202301161003/tools/bin/../lib/gcc/arm-none-eabi/10.3.1/../../../../arm-none-eabi/lib/thumb/v7e-m+fp/hard\libc_nano.a(lib_a-impure.o)
                0x0000000020000120                _impure_ptr
 .data.impure_data
                0x0000000020000124       0x60 c:/st/stm32cubeide_1.12.0/stm32cubeide/plugins/com.st.stm32cube.ide.mcu.externaltools.gnu-tools-for-stm32.10.3-2021.10.win32_1.0.200.202301161003/tools/bin/../lib/gcc/arm-none-eabi/10.3.1/../../../../arm-none-eabi/lib/thumb/v7e-m+fp/hard\libc_nano.a(lib_a-impure.o)
 *(.RamFunc)
 *(.RamFunc*)
                0x0000000020000184                . = ALIGN (0x4)
                0x0000000020000184                _edata = .
                0x000000000800a244                _siccmram = LOADADDR (.ccmram)

.igot.plt       0x0000000020000184        0x0 load address 0x000000000800a244
 .igot.plt      0x0000000020000184        0x0 c:/st/stm32cubeide_1.12.0/stm32cubeide/plugins/com.st.stm32cube.ide.mcu.externaltools.gnu-tools-for-stm32.10.3-2021.10.win32_1.0.200.202301161003/tools/bin/../lib/gcc/arm-none-eabi/10.3.1/thumb/v7e-m+fp/hard/crtbegin.o

.ccmram         0x0000000010000000        0x0 load address 0x000000000800a244
                0x0000000010000000                . = ALIGN (0x4)
                0x0000000010000000                _sccmram = .
 *(.ccmram)
 *(.ccmram*)
                0x0000000010000000                . = ALIGN (0x4)
                0x0000000010000000                _eccmram = .
                0x0000000010000000                . = ALIGN (0x4)

.bss            0x0000000020000184      0xe48
                0x0000000020000184                _sbss = .
                0x0000000020000184                __bss_start__ = _sbss
 *(.bss)
 .bss           0x0000000020000184       0x1c c:/st/stm32cubeide_1.12.0/stm32cubeide/plugins/com.st.stm32cube.ide.mcu.externaltools.gnu-tools-for-stm32.10.3-2021.10.win32_1.0.200.202301161003/tools/bin/../lib/gcc/arm-none-eabi/10.3.1/thumb/v7e-m+fp/hard/crtbegin.o
 *(.bss*)
 .bss.FND       0x00000000200001a0        0x8 ./Core/Src/fnd4digit.o
                0x00000000200001a0                FND
 .bss.msec.5    0x00000000200001a8        0x4 ./Core/Src/fnd4digit.o
 .bss.i.4       0x00000000200001ac        0x4 ./Core/Src/fnd4digit.o
 .bss.i.5       0x00000000200001b0        0x4 ./Core/Src/ledbar.o
 .bss.i.3       0x00000000200001b4        0x4 ./Core/Src/ledbar.o
 .bss.i.1       0x00000000200001b8        0x4 ./Core/Src/ledbar.o
 .bss.TxConfig  0x00000000200001bc       0x38 ./Core/Src/main.o
                0x00000000200001bc                TxConfig
 .bss.DMARxDscrTab
                0x00000000200001f4       0xa0 ./Core/Src/main.o
                0x00000000200001f4                DMARxDscrTab
 .bss.DMATxDscrTab
                0x0000000020000294       0xa0 ./Core/Src/main.o
                0x0000000020000294                DMATxDscrTab
 .bss.heth      0x0000000020000334       0xb0 ./Core/Src/main.o
                0x0000000020000334                heth
 .bss.hi2c1     0x00000000200003e4       0x54 ./Core/Src/main.o
                0x00000000200003e4                hi2c1
 .bss.hrtc      0x0000000020000438       0x20 ./Core/Src/main.o
                0x0000000020000438                hrtc
 .bss.htim2     0x0000000020000458       0x48 ./Core/Src/main.o
                0x0000000020000458                htim2
 .bss.htim3     0x00000000200004a0       0x48 ./Core/Src/main.o
                0x00000000200004a0                htim3
 .bss.htim4     0x00000000200004e8       0x48 ./Core/Src/main.o
                0x00000000200004e8                htim4
 .bss.htim5     0x0000000020000530       0x48 ./Core/Src/main.o
                0x0000000020000530                htim5
 .bss.htim10    0x0000000020000578       0x48 ./Core/Src/main.o
                0x0000000020000578                htim10
 .bss.htim11    0x00000000200005c0       0x48 ./Core/Src/main.o
                0x00000000200005c0                htim11
 .bss.huart3    0x0000000020000608       0x44 ./Core/Src/main.o
                0x0000000020000608                huart3
 .bss.huart6    0x000000002000064c       0x44 ./Core/Src/main.o
                0x000000002000064c                huart6
 .bss.hpcd_USB_OTG_FS
                0x0000000020000690      0x50c ./Core/Src/main.o
                0x0000000020000690                hpcd_USB_OTG_FS
 .bss.fnd1ms_counter
                0x0000000020000b9c        0x4 ./Core/Src/main.o
                0x0000000020000b9c                fnd1ms_counter
 .bss.MACAddr.0
                0x0000000020000ba0        0x6 ./Core/Src/main.o
 *fill*         0x0000000020000ba6        0x2 
 .bss.__sbrk_heap_end
                0x0000000020000ba8        0x4 ./Core/Src/sysmem.o
 .bss.TIM10_10ms_counter_ledbar
                0x0000000020000bac        0x4 ./Core/Src/timer_management.o
                0x0000000020000bac                TIM10_10ms_counter_ledbar
 .bss.TIM10_10ms_counter_DHT11
                0x0000000020000bb0        0x4 ./Core/Src/timer_management.o
                0x0000000020000bb0                TIM10_10ms_counter_DHT11
 .bss.TIM10_10ms_counter_ultrasonic
                0x0000000020000bb4        0x4 ./Core/Src/timer_management.o
                0x0000000020000bb4                TIM10_10ms_counter_ultrasonic
 .bss.TIM10_10ms_fan_auto_mode_remain_time_decrease
                0x0000000020000bb8        0x4 ./Core/Src/timer_management.o
                0x0000000020000bb8                TIM10_10ms_fan_auto_mode_remain_time_decrease
 .bss.TIM10_10ms_fan_rotate_direction_led
                0x0000000020000bbc        0x4 ./Core/Src/timer_management.o
                0x0000000020000bbc                TIM10_10ms_fan_rotate_direction_led
 .bss.TIM10_10ms_fan_lcd_display_clear
                0x0000000020000bc0        0x4 ./Core/Src/timer_management.o
                0x0000000020000bc0                TIM10_10ms_fan_lcd_display_clear
 .bss.TIM10_10ms_dcmotor_activate_time
                0x0000000020000bc4        0x4 ./Core/Src/timer_management.o
                0x0000000020000bc4                TIM10_10ms_dcmotor_activate_time
 .bss.TIM10_10ms_WM_wash_timer
                0x0000000020000bc8        0x4 ./Core/Src/timer_management.o
                0x0000000020000bc8                TIM10_10ms_WM_wash_timer
 .bss.TIM10_10ms_WM_rinse_timer
                0x0000000020000bcc        0x4 ./Core/Src/timer_management.o
                0x0000000020000bcc                TIM10_10ms_WM_rinse_timer
 .bss.TIM10_10ms_WM_spin_timer
                0x0000000020000bd0        0x4 ./Core/Src/timer_management.o
                0x0000000020000bd0                TIM10_10ms_WM_spin_timer
 .bss.ultrasonic_distance
                0x0000000020000bd4        0x4 ./Core/Src/timer_management.o
                0x0000000020000bd4                ultrasonic_distance
 .bss.one_cycle_capture_finish_flag
                0x0000000020000bd8        0x1 ./Core/Src/timer_management.o
                0x0000000020000bd8                one_cycle_capture_finish_flag
 .bss.rising_falling_edge_capture_flag
                0x0000000020000bd9        0x1 ./Core/Src/timer_management.o
                0x0000000020000bd9                rising_falling_edge_capture_flag
 *fill*         0x0000000020000bda        0x2 
 .bss.rx_buff   0x0000000020000bdc      0x320 ./Core/Src/uart_management.o
                0x0000000020000bdc                rx_buff
 .bss.queue_front
                0x0000000020000efc        0x4 ./Core/Src/uart_management.o
                0x0000000020000efc                queue_front
 .bss.queue_rear
                0x0000000020000f00        0x4 ./Core/Src/uart_management.o
                0x0000000020000f00                queue_rear
 .bss.rx_index  0x0000000020000f04        0x4 ./Core/Src/uart_management.o
                0x0000000020000f04                rx_index
 .bss.bt_rx_buff
                0x0000000020000f08       0x28 ./Core/Src/uart_management.o
                0x0000000020000f08                bt_rx_buff
 .bss.bt_rx_index
                0x0000000020000f30        0x4 ./Core/Src/uart_management.o
                0x0000000020000f30                bt_rx_index
 .bss.bt_newline_detect_flag
                0x0000000020000f34        0x1 ./Core/Src/uart_management.o
                0x0000000020000f34                bt_newline_detect_flag
 .bss.rx_data   0x0000000020000f35        0x1 ./Core/Src/uart_management.o
                0x0000000020000f35                rx_data
 .bss.bt_rx_data
                0x0000000020000f36        0x1 ./Core/Src/uart_management.o
                0x0000000020000f36                bt_rx_data
 .bss.WashingMachine_curr_status
                0x0000000020000f37        0x1 ./Core/Src/washing_machine.o
 .bss.old_time  0x0000000020000f38       0x14 ./Core/Src/washing_machine.o
 .bss.current_time
                0x0000000020000f4c       0x14 ./Core/Src/washing_machine.o
 .bss.current_date
                0x0000000020000f60        0x4 ./Core/Src/washing_machine.o
 .bss.wash_mode_start_stop_flag.10
                0x0000000020000f64        0x1 ./Core/Src/washing_machine.o
 *fill*         0x0000000020000f65        0x3 
 .bss.wash_remain_time.9
                0x0000000020000f68        0x4 ./Core/Src/washing_machine.o
 .bss.wash_complete_time.8
                0x0000000020000f6c       0x14 ./Core/Src/washing_machine.o
 .bss.dcmotor_forward_backward_flag.7
                0x0000000020000f80        0x1 ./Core/Src/washing_machine.o
 .bss.rinse_mode_start_stop_flag.6
                0x0000000020000f81        0x1 ./Core/Src/washing_machine.o
 *fill*         0x0000000020000f82        0x2 
 .bss.rinse_remain_time.5
                0x0000000020000f84        0x4 ./Core/Src/washing_machine.o
 .bss.rinse_complete_time.4
                0x0000000020000f88       0x14 ./Core/Src/washing_machine.o
 .bss.spin_mode_start_stop_flag.3
                0x0000000020000f9c        0x1 ./Core/Src/washing_machine.o
 *fill*         0x0000000020000f9d        0x3 
 .bss.spin_remain_time.2
                0x0000000020000fa0        0x4 ./Core/Src/washing_machine.o
 .bss.spin_complete_time.1
                0x0000000020000fa4       0x14 ./Core/Src/washing_machine.o
 .bss.uwTick    0x0000000020000fb8        0x4 ./Drivers/STM32F4xx_HAL_Driver/Src/stm32f4xx_hal.o
                0x0000000020000fb8                uwTick
 .bss.__lock___malloc_recursive_mutex
                0x0000000020000fbc        0x1 c:/st/stm32cubeide_1.12.0/stm32cubeide/plugins/com.st.stm32cube.ide.mcu.externaltools.gnu-tools-for-stm32.10.3-2021.10.win32_1.0.200.202301161003/tools/bin/../lib/gcc/arm-none-eabi/10.3.1/../../../../arm-none-eabi/lib/thumb/v7e-m+fp/hard\libc_nano.a(lib_a-lock.o)
                0x0000000020000fbc                __lock___malloc_recursive_mutex
 .bss.__lock___sfp_recursive_mutex
                0x0000000020000fbd        0x1 c:/st/stm32cubeide_1.12.0/stm32cubeide/plugins/com.st.stm32cube.ide.mcu.externaltools.gnu-tools-for-stm32.10.3-2021.10.win32_1.0.200.202301161003/tools/bin/../lib/gcc/arm-none-eabi/10.3.1/../../../../arm-none-eabi/lib/thumb/v7e-m+fp/hard\libc_nano.a(lib_a-lock.o)
                0x0000000020000fbd                __lock___sfp_recursive_mutex
 .bss.__lock___sinit_recursive_mutex
                0x0000000020000fbe        0x1 c:/st/stm32cubeide_1.12.0/stm32cubeide/plugins/com.st.stm32cube.ide.mcu.externaltools.gnu-tools-for-stm32.10.3-2021.10.win32_1.0.200.202301161003/tools/bin/../lib/gcc/arm-none-eabi/10.3.1/../../../../arm-none-eabi/lib/thumb/v7e-m+fp/hard\libc_nano.a(lib_a-lock.o)
                0x0000000020000fbe                __lock___sinit_recursive_mutex
 *fill*         0x0000000020000fbf        0x1 
 .bss.__malloc_free_list
                0x0000000020000fc0        0x4 c:/st/stm32cubeide_1.12.0/stm32cubeide/plugins/com.st.stm32cube.ide.mcu.externaltools.gnu-tools-for-stm32.10.3-2021.10.win32_1.0.200.202301161003/tools/bin/../lib/gcc/arm-none-eabi/10.3.1/../../../../arm-none-eabi/lib/thumb/v7e-m+fp/hard\libc_nano.a(lib_a-nano-mallocr.o)
                0x0000000020000fc0                __malloc_free_list
 .bss.__malloc_sbrk_start
                0x0000000020000fc4        0x4 c:/st/stm32cubeide_1.12.0/stm32cubeide/plugins/com.st.stm32cube.ide.mcu.externaltools.gnu-tools-for-stm32.10.3-2021.10.win32_1.0.200.202301161003/tools/bin/../lib/gcc/arm-none-eabi/10.3.1/../../../../arm-none-eabi/lib/thumb/v7e-m+fp/hard\libc_nano.a(lib_a-nano-mallocr.o)
                0x0000000020000fc4                __malloc_sbrk_start
 .bss.errno     0x0000000020000fc8        0x4 c:/st/stm32cubeide_1.12.0/stm32cubeide/plugins/com.st.stm32cube.ide.mcu.externaltools.gnu-tools-for-stm32.10.3-2021.10.win32_1.0.200.202301161003/tools/bin/../lib/gcc/arm-none-eabi/10.3.1/../../../../arm-none-eabi/lib/thumb/v7e-m+fp/hard\libc_nano.a(lib_a-reent.o)
                0x0000000020000fc8                errno
 *(COMMON)
                0x0000000020000fcc                . = ALIGN (0x4)
                0x0000000020000fcc                _ebss = .
                0x0000000020000fcc                __bss_end__ = _ebss

._user_heap_stack
                0x0000000020000fcc      0x604
                0x0000000020000fd0                . = ALIGN (0x8)
 *fill*         0x0000000020000fcc        0x4 
                [!provide]                        PROVIDE (end = .)
                0x0000000020000fd0                PROVIDE (_end = .)
                0x00000000200011d0                . = (. + _Min_Heap_Size)
 *fill*         0x0000000020000fd0      0x200 
                0x00000000200015d0                . = (. + _Min_Stack_Size)
 *fill*         0x00000000200011d0      0x400 
                0x00000000200015d0                . = ALIGN (0x8)

/DISCARD/
 libc.a(*)
 libm.a(*)
 libgcc.a(*)

.ARM.attributes
                0x0000000000000000       0x30
 *(.ARM.attributes)
 .ARM.attributes
                0x0000000000000000       0x1e c:/st/stm32cubeide_1.12.0/stm32cubeide/plugins/com.st.stm32cube.ide.mcu.externaltools.gnu-tools-for-stm32.10.3-2021.10.win32_1.0.200.202301161003/tools/bin/../lib/gcc/arm-none-eabi/10.3.1/thumb/v7e-m+fp/hard/crti.o
 .ARM.attributes
                0x000000000000001e       0x34 c:/st/stm32cubeide_1.12.0/stm32cubeide/plugins/com.st.stm32cube.ide.mcu.externaltools.gnu-tools-for-stm32.10.3-2021.10.win32_1.0.200.202301161003/tools/bin/../lib/gcc/arm-none-eabi/10.3.1/thumb/v7e-m+fp/hard/crtbegin.o
 .ARM.attributes
                0x0000000000000052       0x34 ./Core/Src/DHT11.o
 .ARM.attributes
                0x0000000000000086       0x34 ./Core/Src/I2C_lcd.o
 .ARM.attributes
                0x00000000000000ba       0x34 ./Core/Src/button.o
 .ARM.attributes
                0x00000000000000ee       0x34 ./Core/Src/buzzer.o
 .ARM.attributes
                0x0000000000000122       0x34 ./Core/Src/dcmotor.o
 .ARM.attributes
                0x0000000000000156       0x34 ./Core/Src/fnd4digit.o
 .ARM.attributes
                0x000000000000018a       0x34 ./Core/Src/internal_rtc.o
 .ARM.attributes
                0x00000000000001be       0x34 ./Core/Src/ledbar.o
 .ARM.attributes
                0x00000000000001f2       0x34 ./Core/Src/main.o
 .ARM.attributes
                0x0000000000000226       0x34 ./Core/Src/servomotor.o
 .ARM.attributes
                0x000000000000025a       0x34 ./Core/Src/stm32f4xx_hal_msp.o
 .ARM.attributes
                0x000000000000028e       0x34 ./Core/Src/stm32f4xx_it.o
 .ARM.attributes
                0x00000000000002c2       0x34 ./Core/Src/syscalls.o
 .ARM.attributes
                0x00000000000002f6       0x34 ./Core/Src/sysmem.o
 .ARM.attributes
                0x000000000000032a       0x34 ./Core/Src/system_stm32f4xx.o
 .ARM.attributes
                0x000000000000035e       0x34 ./Core/Src/timer_management.o
 .ARM.attributes
                0x0000000000000392       0x34 ./Core/Src/uart_management.o
 .ARM.attributes
                0x00000000000003c6       0x34 ./Core/Src/washing_machine.o
 .ARM.attributes
                0x00000000000003fa       0x21 ./Core/Startup/startup_stm32f429zitx.o
 .ARM.attributes
                0x000000000000041b       0x34 ./Drivers/STM32F4xx_HAL_Driver/Src/stm32f4xx_hal.o
 .ARM.attributes
                0x000000000000044f       0x34 ./Drivers/STM32F4xx_HAL_Driver/Src/stm32f4xx_hal_cortex.o
 .ARM.attributes
                0x0000000000000483       0x34 ./Drivers/STM32F4xx_HAL_Driver/Src/stm32f4xx_hal_dma.o
 .ARM.attributes
                0x00000000000004b7       0x34 ./Drivers/STM32F4xx_HAL_Driver/Src/stm32f4xx_hal_eth.o
 .ARM.attributes
                0x00000000000004eb       0x34 ./Drivers/STM32F4xx_HAL_Driver/Src/stm32f4xx_hal_gpio.o
 .ARM.attributes
                0x000000000000051f       0x34 ./Drivers/STM32F4xx_HAL_Driver/Src/stm32f4xx_hal_i2c.o
 .ARM.attributes
                0x0000000000000553       0x34 ./Drivers/STM32F4xx_HAL_Driver/Src/stm32f4xx_hal_i2c_ex.o
 .ARM.attributes
                0x0000000000000587       0x34 ./Drivers/STM32F4xx_HAL_Driver/Src/stm32f4xx_hal_pcd.o
 .ARM.attributes
                0x00000000000005bb       0x34 ./Drivers/STM32F4xx_HAL_Driver/Src/stm32f4xx_hal_rcc.o
 .ARM.attributes
                0x00000000000005ef       0x34 ./Drivers/STM32F4xx_HAL_Driver/Src/stm32f4xx_hal_rcc_ex.o
 .ARM.attributes
                0x0000000000000623       0x34 ./Drivers/STM32F4xx_HAL_Driver/Src/stm32f4xx_hal_rtc.o
 .ARM.attributes
                0x0000000000000657       0x34 ./Drivers/STM32F4xx_HAL_Driver/Src/stm32f4xx_hal_tim.o
 .ARM.attributes
                0x000000000000068b       0x34 ./Drivers/STM32F4xx_HAL_Driver/Src/stm32f4xx_hal_tim_ex.o
 .ARM.attributes