../Core/Src/fan_machine.c:19:6:Fan_Processing	8	static
../Core/Src/fan_machine.c:42:6:Fan_Manual_Control	8	static
../Core/Src/fan_machine.c:159:6:Fan_Auto_Control	8	static
../Core/Src/fan_machine.c:242:6:Clear_Fan_LCD_Display	48	static
../Core/Src/fan_machine.c:258:6:Fan_LCD_Display	56	static
../Core/Src/fan_machine.c:313:6:Fan_Rotate_Direction_LED_Control	16	static
../Core/Src/fan_machine.c:338:6:Fan_LEDbar_Control	24	static
../Core/Src/fan_machine.c:357:10:Get_Current_ChannelControlRegister_Value	4	static
