../Core/Src/main.c:102:6:HAL_STSTICK_Handler	4	static
../Core/Src/main.c:122:1:__io_putchar	16	static
../Core/Src/main.c:138:5:main	8	static
../Core/Src/main.c:205:6:SystemClock_Config	88	static
../Core/Src/main.c:252:13:MX_ETH_Init	8	static
../Core/Src/main.c:301:13:MX_I2C1_Init	8	static
../Core/Src/main.c:349:13:MX_RTC_Init	32	static
../Core/Src/main.c:412:13:MX_TIM2_Init	48	static
../Core/Src/main.c:461:13:MX_TIM3_Init	32	static
../Core/Src/main.c:509:13:MX_TIM4_Init	64	static
../Core/Src/main.c:568:13:MX_TIM5_Init	64	static
../Core/Src/main.c:627:13:MX_TIM9_Init	56	static
../Core/Src/main.c:679:13:MX_TIM10_Init	8	static
../Core/Src/main.c:710:13:MX_TIM11_Init	8	static
../Core/Src/main.c:741:13:MX_USART3_UART_Init	8	static
../Core/Src/main.c:774:13:MX_USART6_UART_Init	8	static
../Core/Src/main.c:807:13:MX_USB_OTG_FS_PCD_Init	8	static
../Core/Src/main.c:842:13:MX_GPIO_Init	64	static
../Core/Src/main.c:973:6:Error_Handler	4	static,ignoring_inline_asm
