../Core/Src/washing_machine.c:40:6:WashingMachine_Init	8	static
../Core/Src/washing_machine.c:58:6:WashingMachine_Terminate	8	static
../Core/Src/washing_machine.c:73:6:WashingMachine_Processing	8	static
../Core/Src/washing_machine.c:101:13:Idle_Mode_Laundry	8	static
../Core/Src/washing_machine.c:121:13:Wash_Mode_Laundry	40	static
../Core/Src/washing_machine.c:243:13:Rinse_Mode_Laundry	40	static
../Core/Src/washing_machine.c:339:13:Spin_Mode_Laundry	40	static
../Core/Src/washing_machine.c:447:13:Check_Lid_Open	4	static
../Core/Src/washing_machine.c:490:13:Idle_Mode_Display	48	static
../Core/Src/washing_machine.c:506:13:WashingMachine_3Mode_Display	88	static
