../Core/Src/washing_machine.c:56:6:WashingMachine_Init	8	static
../Core/Src/washing_machine.c:77:6:WashingMachine_Terminate	8	static
../Core/Src/washing_machine.c:90:6:WashingMachine_Processing	8	static
../Core/Src/washing_machine.c:118:13:Idle_Mode_Laundry	8	static
../Core/Src/washing_machine.c:142:13:Wash_Mode_Laundry	16	static
../Core/Src/washing_machine.c:300:13:Rinse_Mode_Laundry	16	static
../Core/Src/washing_machine.c:438:13:Spin_Mode_Laundry	16	static
../Core/Src/washing_machine.c:589:13:Check_Lid_Open	16	static
../Core/Src/washing_machine.c:633:13:Check_Motor_OverHeat	16	static
../Core/Src/washing_machine.c:673:13:Idle_Mode_Display	64	static
../Core/Src/washing_machine.c:696:13:Wash_Mode_Setting_display	48	static
../Core/Src/washing_machine.c:713:13:Wash_Mode_Running_display	64	static
../Core/Src/washing_machine.c:729:13:Rinse_Mode_Setting_display	48	static
../Core/Src/washing_machine.c:746:13:Rinse_Mode_Running_display	64	static
../Core/Src/washing_machine.c:762:13:Spin_Mode_Setting_display	48	static
../Core/Src/washing_machine.c:779:13:Spin_Mode_Running_display	64	static
